

================================================================
== Vivado HLS Report for 'MixColumns'
================================================================
* Date:           Wed May 13 20:18:51 2020

* Version:        2019.2 (Build 2704478 on Wed Nov 06 22:10:23 MST 2019)
* Project:        VLSI_Project
* Solution:       solution1
* Product family: virtex7
* Target device:  xc7vx485t-ffg1157-1


================================================================
== Performance Estimates
================================================================
+ Timing: 
    * Summary: 
    +--------+----------+----------+------------+
    |  Clock |  Target  | Estimated| Uncertainty|
    +--------+----------+----------+------------+
    |ap_clk  | 10.00 ns | 1.417 ns |   1.25 ns  |
    +--------+----------+----------+------------+

+ Latency: 
    * Summary: 
    +---------+---------+----------+----------+-----+-----+----------+
    |  Latency (cycles) |  Latency (absolute) |  Interval | Pipeline |
    |   min   |   max   |    min   |    max   | min | max |   Type   |
    +---------+---------+----------+----------+-----+-----+----------+
    |        0|        0|   0 ns   |   0 ns   |    1|    1| function |
    +---------+---------+----------+----------+-----+-----+----------+

    + Detail: 
        * Instance: 
        N/A

        * Loop: 
        N/A

============================================================
+ Verbose Summary: Synthesis Manager
============================================================
InlineROM: 1
ExposeGlobal: 1
============================================================
+ Verbose Summary: CDFG Model
============================================================
IsTopModel: 0
ResetActiveHigh: 1
IsCombinational: 0
IsDatapathOnly: 0
HasWiredReturn: 1
HasMFsm: 2
HasVarLatency: 0
IsPipeline: 1
IsRtlPipelined: 0
IsInstanceOverlapped: 0
IsDontTouch: 0
HasImplIP: 0
IsGatedGlobalClock: 0

+ Individual pipeline summary: 
  * Pipeline-0: initiation interval (II) = 1, depth = 1


============================================================
+ Verbose Summary: Schedule
============================================================
* Number of FSM states : 1
* Pipeline : 1
  Pipeline-0 : II = 1, D = 1, States = { 1 }
* Dataflow Pipeline: 0

* FSM state transitions: 
1 --> 

* FSM state operations: 

State 1 <SV = 0> <Delay = 1.41>
ST_1 : Operation 2 [1/1] (0.00ns)   --->   "%state_3_3_read_1 = call i8 @_ssdm_op_Read.ap_auto.i8(i8 %state_3_3_read)" [aes.c:313]   --->   Operation 2 'read' 'state_3_3_read_1' <Predicate = true> <Delay = 0.00>
ST_1 : Operation 3 [1/1] (0.00ns)   --->   "%state_3_2_read_1 = call i8 @_ssdm_op_Read.ap_auto.i8(i8 %state_3_2_read)" [aes.c:313]   --->   Operation 3 'read' 'state_3_2_read_1' <Predicate = true> <Delay = 0.00>
ST_1 : Operation 4 [1/1] (0.00ns)   --->   "%state_3_1_read_1 = call i8 @_ssdm_op_Read.ap_auto.i8(i8 %state_3_1_read)" [aes.c:313]   --->   Operation 4 'read' 'state_3_1_read_1' <Predicate = true> <Delay = 0.00>
ST_1 : Operation 5 [1/1] (0.00ns)   --->   "%state_3_0_read_1 = call i8 @_ssdm_op_Read.ap_auto.i8(i8 %state_3_0_read)" [aes.c:313]   --->   Operation 5 'read' 'state_3_0_read_1' <Predicate = true> <Delay = 0.00>
ST_1 : Operation 6 [1/1] (0.00ns)   --->   "%state_2_3_read_1 = call i8 @_ssdm_op_Read.ap_auto.i8(i8 %state_2_3_read)" [aes.c:313]   --->   Operation 6 'read' 'state_2_3_read_1' <Predicate = true> <Delay = 0.00>
ST_1 : Operation 7 [1/1] (0.00ns)   --->   "%state_2_2_read_1 = call i8 @_ssdm_op_Read.ap_auto.i8(i8 %state_2_2_read)" [aes.c:313]   --->   Operation 7 'read' 'state_2_2_read_1' <Predicate = true> <Delay = 0.00>
ST_1 : Operation 8 [1/1] (0.00ns)   --->   "%state_2_1_read_1 = call i8 @_ssdm_op_Read.ap_auto.i8(i8 %state_2_1_read)" [aes.c:313]   --->   Operation 8 'read' 'state_2_1_read_1' <Predicate = true> <Delay = 0.00>
ST_1 : Operation 9 [1/1] (0.00ns)   --->   "%state_2_0_read_1 = call i8 @_ssdm_op_Read.ap_auto.i8(i8 %state_2_0_read)" [aes.c:313]   --->   Operation 9 'read' 'state_2_0_read_1' <Predicate = true> <Delay = 0.00>
ST_1 : Operation 10 [1/1] (0.00ns)   --->   "%state_1_3_read_1 = call i8 @_ssdm_op_Read.ap_auto.i8(i8 %state_1_3_read)" [aes.c:313]   --->   Operation 10 'read' 'state_1_3_read_1' <Predicate = true> <Delay = 0.00>
ST_1 : Operation 11 [1/1] (0.00ns)   --->   "%state_1_2_read_1 = call i8 @_ssdm_op_Read.ap_auto.i8(i8 %state_1_2_read)" [aes.c:313]   --->   Operation 11 'read' 'state_1_2_read_1' <Predicate = true> <Delay = 0.00>
ST_1 : Operation 12 [1/1] (0.00ns)   --->   "%state_1_1_read_1 = call i8 @_ssdm_op_Read.ap_auto.i8(i8 %state_1_1_read)" [aes.c:313]   --->   Operation 12 'read' 'state_1_1_read_1' <Predicate = true> <Delay = 0.00>
ST_1 : Operation 13 [1/1] (0.00ns)   --->   "%state_1_0_read_1 = call i8 @_ssdm_op_Read.ap_auto.i8(i8 %state_1_0_read)" [aes.c:313]   --->   Operation 13 'read' 'state_1_0_read_1' <Predicate = true> <Delay = 0.00>
ST_1 : Operation 14 [1/1] (0.00ns)   --->   "%state_0_3_read_1 = call i8 @_ssdm_op_Read.ap_auto.i8(i8 %state_0_3_read)" [aes.c:313]   --->   Operation 14 'read' 'state_0_3_read_1' <Predicate = true> <Delay = 0.00>
ST_1 : Operation 15 [1/1] (0.00ns)   --->   "%state_0_2_read_1 = call i8 @_ssdm_op_Read.ap_auto.i8(i8 %state_0_2_read)" [aes.c:313]   --->   Operation 15 'read' 'state_0_2_read_1' <Predicate = true> <Delay = 0.00>
ST_1 : Operation 16 [1/1] (0.00ns)   --->   "%state_0_1_read_1 = call i8 @_ssdm_op_Read.ap_auto.i8(i8 %state_0_1_read)" [aes.c:313]   --->   Operation 16 'read' 'state_0_1_read_1' <Predicate = true> <Delay = 0.00>
ST_1 : Operation 17 [1/1] (0.00ns)   --->   "%state_0_0_read_1 = call i8 @_ssdm_op_Read.ap_auto.i8(i8 %state_0_0_read)" [aes.c:313]   --->   Operation 17 'read' 'state_0_0_read_1' <Predicate = true> <Delay = 0.00>
ST_1 : Operation 18 [1/1] (0.66ns)   --->   "%xor_ln323 = xor i8 %state_0_1_read_1, %state_0_0_read_1" [aes.c:323]   --->   Operation 18 'xor' 'xor_ln323' <Predicate = true> <Delay = 0.66> <Core = "LogicGate">   --->   Core 27 'LogicGate' <Latency = 0> <II = 1> <Delay = 0.66> <FuncUnit> <Opcode : 'and' 'or' 'xor'> <InPorts = 2> <OutPorts = 1>
ST_1 : Operation 19 [1/1] (0.66ns)   --->   "%Tm_1 = xor i8 %state_0_2_read_1, %state_0_1_read_1" [aes.c:324]   --->   Operation 19 'xor' 'Tm_1' <Predicate = true> <Delay = 0.66> <Core = "LogicGate">   --->   Core 27 'LogicGate' <Latency = 0> <II = 1> <Delay = 0.66> <FuncUnit> <Opcode : 'and' 'or' 'xor'> <InPorts = 2> <OutPorts = 1>
ST_1 : Operation 20 [1/1] (0.66ns)   --->   "%Tm_2 = xor i8 %state_0_3_read_1, %state_0_2_read_1" [aes.c:325]   --->   Operation 20 'xor' 'Tm_2' <Predicate = true> <Delay = 0.66> <Core = "LogicGate">   --->   Core 27 'LogicGate' <Latency = 0> <II = 1> <Delay = 0.66> <FuncUnit> <Opcode : 'and' 'or' 'xor'> <InPorts = 2> <OutPorts = 1>
ST_1 : Operation 21 [1/1] (0.66ns)   --->   "%Tm_3 = xor i8 %state_0_3_read_1, %state_0_0_read_1" [aes.c:326]   --->   Operation 21 'xor' 'Tm_3' <Predicate = true> <Delay = 0.66> <Core = "LogicGate">   --->   Core 27 'LogicGate' <Latency = 0> <II = 1> <Delay = 0.66> <FuncUnit> <Opcode : 'and' 'or' 'xor'> <InPorts = 2> <OutPorts = 1>
ST_1 : Operation 22 [1/1] (0.00ns) (grouped into LUT with out node xor_ln329_2)   --->   "%shl_ln309 = shl i8 %xor_ln323, 1" [aes.c:309->aes.c:329]   --->   Operation 22 'shl' 'shl_ln309' <Predicate = true> <Delay = 0.00>
ST_1 : Operation 23 [1/1] (0.00ns) (grouped into LUT with out node xor_ln329_2)   --->   "%tmp = call i1 @_ssdm_op_BitSelect.i1.i8.i32(i8 %xor_ln323, i32 7)" [aes.c:309->aes.c:329]   --->   Operation 23 'bitselect' 'tmp' <Predicate = true> <Delay = 0.00>
ST_1 : Operation 24 [1/1] (0.00ns) (grouped into LUT with out node xor_ln329_2)   --->   "%select_ln309 = select i1 %tmp, i8 27, i8 0" [aes.c:309->aes.c:329]   --->   Operation 24 'select' 'select_ln309' <Predicate = true> <Delay = 0.00> <Core = "Sel">   --->   Core 26 'Sel' <Latency = 0> <II = 1> <Delay = 0.75> <FuncUnit> <Opcode : 'select'> <InPorts = 3> <OutPorts = 1>
ST_1 : Operation 25 [1/1] (0.00ns) (grouped into LUT with out node xor_ln329_2)   --->   "%xor_ln329 = xor i8 %select_ln309, %shl_ln309" [aes.c:329]   --->   Operation 25 'xor' 'xor_ln329' <Predicate = true> <Delay = 0.00> <Core = "LogicGate">   --->   Core 27 'LogicGate' <Latency = 0> <II = 1> <Delay = 0.66> <FuncUnit> <Opcode : 'and' 'or' 'xor'> <InPorts = 2> <OutPorts = 1>
ST_1 : Operation 26 [1/1] (0.00ns) (grouped into LUT with out node xor_ln329_2)   --->   "%xor_ln329_1 = xor i8 %Tm_2, %state_0_1_read_1" [aes.c:329]   --->   Operation 26 'xor' 'xor_ln329_1' <Predicate = true> <Delay = 0.00> <Core = "LogicGate">   --->   Core 27 'LogicGate' <Latency = 0> <II = 1> <Delay = 0.66> <FuncUnit> <Opcode : 'and' 'or' 'xor'> <InPorts = 2> <OutPorts = 1>
ST_1 : Operation 27 [1/1] (0.75ns) (out node of the LUT)   --->   "%xor_ln329_2 = xor i8 %xor_ln329_1, %xor_ln329" [aes.c:329]   --->   Operation 27 'xor' 'xor_ln329_2' <Predicate = true> <Delay = 0.75> <Core = "LogicGate">   --->   Core 27 'LogicGate' <Latency = 0> <II = 1> <Delay = 0.66> <FuncUnit> <Opcode : 'and' 'or' 'xor'> <InPorts = 2> <OutPorts = 1>
ST_1 : Operation 28 [1/1] (0.00ns) (grouped into LUT with out node xor_ln330_2)   --->   "%shl_ln309_1 = shl i8 %Tm_1, 1" [aes.c:309->aes.c:330]   --->   Operation 28 'shl' 'shl_ln309_1' <Predicate = true> <Delay = 0.00>
ST_1 : Operation 29 [1/1] (0.00ns) (grouped into LUT with out node xor_ln330_2)   --->   "%tmp_1 = call i1 @_ssdm_op_BitSelect.i1.i8.i32(i8 %Tm_1, i32 7)" [aes.c:309->aes.c:330]   --->   Operation 29 'bitselect' 'tmp_1' <Predicate = true> <Delay = 0.00>
ST_1 : Operation 30 [1/1] (0.00ns) (grouped into LUT with out node xor_ln330_2)   --->   "%select_ln309_1 = select i1 %tmp_1, i8 27, i8 0" [aes.c:309->aes.c:330]   --->   Operation 30 'select' 'select_ln309_1' <Predicate = true> <Delay = 0.00> <Core = "Sel">   --->   Core 26 'Sel' <Latency = 0> <II = 1> <Delay = 0.75> <FuncUnit> <Opcode : 'select'> <InPorts = 3> <OutPorts = 1>
ST_1 : Operation 31 [1/1] (0.00ns) (grouped into LUT with out node xor_ln330_2)   --->   "%xor_ln330 = xor i8 %select_ln309_1, %shl_ln309_1" [aes.c:330]   --->   Operation 31 'xor' 'xor_ln330' <Predicate = true> <Delay = 0.00> <Core = "LogicGate">   --->   Core 27 'LogicGate' <Latency = 0> <II = 1> <Delay = 0.66> <FuncUnit> <Opcode : 'and' 'or' 'xor'> <InPorts = 2> <OutPorts = 1>
ST_1 : Operation 32 [1/1] (0.00ns) (grouped into LUT with out node xor_ln330_2)   --->   "%xor_ln330_1 = xor i8 %Tm_2, %state_0_0_read_1" [aes.c:330]   --->   Operation 32 'xor' 'xor_ln330_1' <Predicate = true> <Delay = 0.00> <Core = "LogicGate">   --->   Core 27 'LogicGate' <Latency = 0> <II = 1> <Delay = 0.66> <FuncUnit> <Opcode : 'and' 'or' 'xor'> <InPorts = 2> <OutPorts = 1>
ST_1 : Operation 33 [1/1] (0.75ns) (out node of the LUT)   --->   "%xor_ln330_2 = xor i8 %xor_ln330_1, %xor_ln330" [aes.c:330]   --->   Operation 33 'xor' 'xor_ln330_2' <Predicate = true> <Delay = 0.75> <Core = "LogicGate">   --->   Core 27 'LogicGate' <Latency = 0> <II = 1> <Delay = 0.66> <FuncUnit> <Opcode : 'and' 'or' 'xor'> <InPorts = 2> <OutPorts = 1>
ST_1 : Operation 34 [1/1] (0.00ns) (grouped into LUT with out node xor_ln331_2)   --->   "%shl_ln309_2 = shl i8 %Tm_2, 1" [aes.c:309->aes.c:331]   --->   Operation 34 'shl' 'shl_ln309_2' <Predicate = true> <Delay = 0.00>
ST_1 : Operation 35 [1/1] (0.00ns) (grouped into LUT with out node xor_ln331_2)   --->   "%tmp_2 = call i1 @_ssdm_op_BitSelect.i1.i8.i32(i8 %Tm_2, i32 7)" [aes.c:309->aes.c:331]   --->   Operation 35 'bitselect' 'tmp_2' <Predicate = true> <Delay = 0.00>
ST_1 : Operation 36 [1/1] (0.00ns) (grouped into LUT with out node xor_ln331_2)   --->   "%select_ln309_2 = select i1 %tmp_2, i8 27, i8 0" [aes.c:309->aes.c:331]   --->   Operation 36 'select' 'select_ln309_2' <Predicate = true> <Delay = 0.00> <Core = "Sel">   --->   Core 26 'Sel' <Latency = 0> <II = 1> <Delay = 0.75> <FuncUnit> <Opcode : 'select'> <InPorts = 3> <OutPorts = 1>
ST_1 : Operation 37 [1/1] (0.00ns) (grouped into LUT with out node xor_ln331_2)   --->   "%xor_ln331 = xor i8 %select_ln309_2, %shl_ln309_2" [aes.c:331]   --->   Operation 37 'xor' 'xor_ln331' <Predicate = true> <Delay = 0.00> <Core = "LogicGate">   --->   Core 27 'LogicGate' <Latency = 0> <II = 1> <Delay = 0.66> <FuncUnit> <Opcode : 'and' 'or' 'xor'> <InPorts = 2> <OutPorts = 1>
ST_1 : Operation 38 [1/1] (0.00ns) (grouped into LUT with out node xor_ln331_2)   --->   "%xor_ln331_1 = xor i8 %xor_ln323, %state_0_3_read_1" [aes.c:331]   --->   Operation 38 'xor' 'xor_ln331_1' <Predicate = true> <Delay = 0.00> <Core = "LogicGate">   --->   Core 27 'LogicGate' <Latency = 0> <II = 1> <Delay = 0.66> <FuncUnit> <Opcode : 'and' 'or' 'xor'> <InPorts = 2> <OutPorts = 1>
ST_1 : Operation 39 [1/1] (0.75ns) (out node of the LUT)   --->   "%xor_ln331_2 = xor i8 %xor_ln331_1, %xor_ln331" [aes.c:331]   --->   Operation 39 'xor' 'xor_ln331_2' <Predicate = true> <Delay = 0.75> <Core = "LogicGate">   --->   Core 27 'LogicGate' <Latency = 0> <II = 1> <Delay = 0.66> <FuncUnit> <Opcode : 'and' 'or' 'xor'> <InPorts = 2> <OutPorts = 1>
ST_1 : Operation 40 [1/1] (0.00ns) (grouped into LUT with out node xor_ln332_2)   --->   "%shl_ln309_3 = shl i8 %Tm_3, 1" [aes.c:309->aes.c:332]   --->   Operation 40 'shl' 'shl_ln309_3' <Predicate = true> <Delay = 0.00>
ST_1 : Operation 41 [1/1] (0.00ns) (grouped into LUT with out node xor_ln332_2)   --->   "%tmp_3 = call i1 @_ssdm_op_BitSelect.i1.i8.i32(i8 %Tm_3, i32 7)" [aes.c:309->aes.c:332]   --->   Operation 41 'bitselect' 'tmp_3' <Predicate = true> <Delay = 0.00>
ST_1 : Operation 42 [1/1] (0.00ns) (grouped into LUT with out node xor_ln332_2)   --->   "%select_ln309_3 = select i1 %tmp_3, i8 27, i8 0" [aes.c:309->aes.c:332]   --->   Operation 42 'select' 'select_ln309_3' <Predicate = true> <Delay = 0.00> <Core = "Sel">   --->   Core 26 'Sel' <Latency = 0> <II = 1> <Delay = 0.75> <FuncUnit> <Opcode : 'select'> <InPorts = 3> <OutPorts = 1>
ST_1 : Operation 43 [1/1] (0.00ns) (grouped into LUT with out node xor_ln332_2)   --->   "%xor_ln332 = xor i8 %select_ln309_3, %shl_ln309_3" [aes.c:332]   --->   Operation 43 'xor' 'xor_ln332' <Predicate = true> <Delay = 0.00> <Core = "LogicGate">   --->   Core 27 'LogicGate' <Latency = 0> <II = 1> <Delay = 0.66> <FuncUnit> <Opcode : 'and' 'or' 'xor'> <InPorts = 2> <OutPorts = 1>
ST_1 : Operation 44 [1/1] (0.00ns) (grouped into LUT with out node xor_ln332_2)   --->   "%xor_ln332_1 = xor i8 %xor_ln323, %state_0_2_read_1" [aes.c:332]   --->   Operation 44 'xor' 'xor_ln332_1' <Predicate = true> <Delay = 0.00> <Core = "LogicGate">   --->   Core 27 'LogicGate' <Latency = 0> <II = 1> <Delay = 0.66> <FuncUnit> <Opcode : 'and' 'or' 'xor'> <InPorts = 2> <OutPorts = 1>
ST_1 : Operation 45 [1/1] (0.75ns) (out node of the LUT)   --->   "%xor_ln332_2 = xor i8 %xor_ln332_1, %xor_ln332" [aes.c:332]   --->   Operation 45 'xor' 'xor_ln332_2' <Predicate = true> <Delay = 0.75> <Core = "LogicGate">   --->   Core 27 'LogicGate' <Latency = 0> <II = 1> <Delay = 0.66> <FuncUnit> <Opcode : 'and' 'or' 'xor'> <InPorts = 2> <OutPorts = 1>
ST_1 : Operation 46 [1/1] (0.66ns)   --->   "%xor_ln323_1 = xor i8 %state_1_1_read_1, %state_1_0_read_1" [aes.c:323]   --->   Operation 46 'xor' 'xor_ln323_1' <Predicate = true> <Delay = 0.66> <Core = "LogicGate">   --->   Core 27 'LogicGate' <Latency = 0> <II = 1> <Delay = 0.66> <FuncUnit> <Opcode : 'and' 'or' 'xor'> <InPorts = 2> <OutPorts = 1>
ST_1 : Operation 47 [1/1] (0.66ns)   --->   "%Tm_1_1 = xor i8 %state_1_2_read_1, %state_1_1_read_1" [aes.c:324]   --->   Operation 47 'xor' 'Tm_1_1' <Predicate = true> <Delay = 0.66> <Core = "LogicGate">   --->   Core 27 'LogicGate' <Latency = 0> <II = 1> <Delay = 0.66> <FuncUnit> <Opcode : 'and' 'or' 'xor'> <InPorts = 2> <OutPorts = 1>
ST_1 : Operation 48 [1/1] (0.66ns)   --->   "%Tm_2_1 = xor i8 %state_1_3_read_1, %state_1_2_read_1" [aes.c:325]   --->   Operation 48 'xor' 'Tm_2_1' <Predicate = true> <Delay = 0.66> <Core = "LogicGate">   --->   Core 27 'LogicGate' <Latency = 0> <II = 1> <Delay = 0.66> <FuncUnit> <Opcode : 'and' 'or' 'xor'> <InPorts = 2> <OutPorts = 1>
ST_1 : Operation 49 [1/1] (0.66ns)   --->   "%Tm_3_1 = xor i8 %state_1_3_read_1, %state_1_0_read_1" [aes.c:326]   --->   Operation 49 'xor' 'Tm_3_1' <Predicate = true> <Delay = 0.66> <Core = "LogicGate">   --->   Core 27 'LogicGate' <Latency = 0> <II = 1> <Delay = 0.66> <FuncUnit> <Opcode : 'and' 'or' 'xor'> <InPorts = 2> <OutPorts = 1>
ST_1 : Operation 50 [1/1] (0.00ns) (grouped into LUT with out node xor_ln329_5)   --->   "%shl_ln309_4 = shl i8 %xor_ln323_1, 1" [aes.c:309->aes.c:329]   --->   Operation 50 'shl' 'shl_ln309_4' <Predicate = true> <Delay = 0.00>
ST_1 : Operation 51 [1/1] (0.00ns) (grouped into LUT with out node xor_ln329_5)   --->   "%tmp_4 = call i1 @_ssdm_op_BitSelect.i1.i8.i32(i8 %xor_ln323_1, i32 7)" [aes.c:309->aes.c:329]   --->   Operation 51 'bitselect' 'tmp_4' <Predicate = true> <Delay = 0.00>
ST_1 : Operation 52 [1/1] (0.00ns) (grouped into LUT with out node xor_ln329_5)   --->   "%select_ln309_4 = select i1 %tmp_4, i8 27, i8 0" [aes.c:309->aes.c:329]   --->   Operation 52 'select' 'select_ln309_4' <Predicate = true> <Delay = 0.00> <Core = "Sel">   --->   Core 26 'Sel' <Latency = 0> <II = 1> <Delay = 0.75> <FuncUnit> <Opcode : 'select'> <InPorts = 3> <OutPorts = 1>
ST_1 : Operation 53 [1/1] (0.00ns) (grouped into LUT with out node xor_ln329_5)   --->   "%xor_ln329_3 = xor i8 %select_ln309_4, %shl_ln309_4" [aes.c:329]   --->   Operation 53 'xor' 'xor_ln329_3' <Predicate = true> <Delay = 0.00> <Core = "LogicGate">   --->   Core 27 'LogicGate' <Latency = 0> <II = 1> <Delay = 0.66> <FuncUnit> <Opcode : 'and' 'or' 'xor'> <InPorts = 2> <OutPorts = 1>
ST_1 : Operation 54 [1/1] (0.00ns) (grouped into LUT with out node xor_ln329_5)   --->   "%xor_ln329_4 = xor i8 %Tm_2_1, %state_1_1_read_1" [aes.c:329]   --->   Operation 54 'xor' 'xor_ln329_4' <Predicate = true> <Delay = 0.00> <Core = "LogicGate">   --->   Core 27 'LogicGate' <Latency = 0> <II = 1> <Delay = 0.66> <FuncUnit> <Opcode : 'and' 'or' 'xor'> <InPorts = 2> <OutPorts = 1>
ST_1 : Operation 55 [1/1] (0.75ns) (out node of the LUT)   --->   "%xor_ln329_5 = xor i8 %xor_ln329_4, %xor_ln329_3" [aes.c:329]   --->   Operation 55 'xor' 'xor_ln329_5' <Predicate = true> <Delay = 0.75> <Core = "LogicGate">   --->   Core 27 'LogicGate' <Latency = 0> <II = 1> <Delay = 0.66> <FuncUnit> <Opcode : 'and' 'or' 'xor'> <InPorts = 2> <OutPorts = 1>
ST_1 : Operation 56 [1/1] (0.00ns) (grouped into LUT with out node xor_ln330_5)   --->   "%shl_ln309_5 = shl i8 %Tm_1_1, 1" [aes.c:309->aes.c:330]   --->   Operation 56 'shl' 'shl_ln309_5' <Predicate = true> <Delay = 0.00>
ST_1 : Operation 57 [1/1] (0.00ns) (grouped into LUT with out node xor_ln330_5)   --->   "%tmp_5 = call i1 @_ssdm_op_BitSelect.i1.i8.i32(i8 %Tm_1_1, i32 7)" [aes.c:309->aes.c:330]   --->   Operation 57 'bitselect' 'tmp_5' <Predicate = true> <Delay = 0.00>
ST_1 : Operation 58 [1/1] (0.00ns) (grouped into LUT with out node xor_ln330_5)   --->   "%select_ln309_5 = select i1 %tmp_5, i8 27, i8 0" [aes.c:309->aes.c:330]   --->   Operation 58 'select' 'select_ln309_5' <Predicate = true> <Delay = 0.00> <Core = "Sel">   --->   Core 26 'Sel' <Latency = 0> <II = 1> <Delay = 0.75> <FuncUnit> <Opcode : 'select'> <InPorts = 3> <OutPorts = 1>
ST_1 : Operation 59 [1/1] (0.00ns) (grouped into LUT with out node xor_ln330_5)   --->   "%xor_ln330_3 = xor i8 %select_ln309_5, %shl_ln309_5" [aes.c:330]   --->   Operation 59 'xor' 'xor_ln330_3' <Predicate = true> <Delay = 0.00> <Core = "LogicGate">   --->   Core 27 'LogicGate' <Latency = 0> <II = 1> <Delay = 0.66> <FuncUnit> <Opcode : 'and' 'or' 'xor'> <InPorts = 2> <OutPorts = 1>
ST_1 : Operation 60 [1/1] (0.00ns) (grouped into LUT with out node xor_ln330_5)   --->   "%xor_ln330_4 = xor i8 %Tm_2_1, %state_1_0_read_1" [aes.c:330]   --->   Operation 60 'xor' 'xor_ln330_4' <Predicate = true> <Delay = 0.00> <Core = "LogicGate">   --->   Core 27 'LogicGate' <Latency = 0> <II = 1> <Delay = 0.66> <FuncUnit> <Opcode : 'and' 'or' 'xor'> <InPorts = 2> <OutPorts = 1>
ST_1 : Operation 61 [1/1] (0.75ns) (out node of the LUT)   --->   "%xor_ln330_5 = xor i8 %xor_ln330_4, %xor_ln330_3" [aes.c:330]   --->   Operation 61 'xor' 'xor_ln330_5' <Predicate = true> <Delay = 0.75> <Core = "LogicGate">   --->   Core 27 'LogicGate' <Latency = 0> <II = 1> <Delay = 0.66> <FuncUnit> <Opcode : 'and' 'or' 'xor'> <InPorts = 2> <OutPorts = 1>
ST_1 : Operation 62 [1/1] (0.00ns) (grouped into LUT with out node xor_ln331_5)   --->   "%shl_ln309_6 = shl i8 %Tm_2_1, 1" [aes.c:309->aes.c:331]   --->   Operation 62 'shl' 'shl_ln309_6' <Predicate = true> <Delay = 0.00>
ST_1 : Operation 63 [1/1] (0.00ns) (grouped into LUT with out node xor_ln331_5)   --->   "%tmp_6 = call i1 @_ssdm_op_BitSelect.i1.i8.i32(i8 %Tm_2_1, i32 7)" [aes.c:309->aes.c:331]   --->   Operation 63 'bitselect' 'tmp_6' <Predicate = true> <Delay = 0.00>
ST_1 : Operation 64 [1/1] (0.00ns) (grouped into LUT with out node xor_ln331_5)   --->   "%select_ln309_6 = select i1 %tmp_6, i8 27, i8 0" [aes.c:309->aes.c:331]   --->   Operation 64 'select' 'select_ln309_6' <Predicate = true> <Delay = 0.00> <Core = "Sel">   --->   Core 26 'Sel' <Latency = 0> <II = 1> <Delay = 0.75> <FuncUnit> <Opcode : 'select'> <InPorts = 3> <OutPorts = 1>
ST_1 : Operation 65 [1/1] (0.00ns) (grouped into LUT with out node xor_ln331_5)   --->   "%xor_ln331_3 = xor i8 %select_ln309_6, %shl_ln309_6" [aes.c:331]   --->   Operation 65 'xor' 'xor_ln331_3' <Predicate = true> <Delay = 0.00> <Core = "LogicGate">   --->   Core 27 'LogicGate' <Latency = 0> <II = 1> <Delay = 0.66> <FuncUnit> <Opcode : 'and' 'or' 'xor'> <InPorts = 2> <OutPorts = 1>
ST_1 : Operation 66 [1/1] (0.00ns) (grouped into LUT with out node xor_ln331_5)   --->   "%xor_ln331_4 = xor i8 %xor_ln323_1, %state_1_3_read_1" [aes.c:331]   --->   Operation 66 'xor' 'xor_ln331_4' <Predicate = true> <Delay = 0.00> <Core = "LogicGate">   --->   Core 27 'LogicGate' <Latency = 0> <II = 1> <Delay = 0.66> <FuncUnit> <Opcode : 'and' 'or' 'xor'> <InPorts = 2> <OutPorts = 1>
ST_1 : Operation 67 [1/1] (0.75ns) (out node of the LUT)   --->   "%xor_ln331_5 = xor i8 %xor_ln331_4, %xor_ln331_3" [aes.c:331]   --->   Operation 67 'xor' 'xor_ln331_5' <Predicate = true> <Delay = 0.75> <Core = "LogicGate">   --->   Core 27 'LogicGate' <Latency = 0> <II = 1> <Delay = 0.66> <FuncUnit> <Opcode : 'and' 'or' 'xor'> <InPorts = 2> <OutPorts = 1>
ST_1 : Operation 68 [1/1] (0.00ns) (grouped into LUT with out node xor_ln332_5)   --->   "%shl_ln309_7 = shl i8 %Tm_3_1, 1" [aes.c:309->aes.c:332]   --->   Operation 68 'shl' 'shl_ln309_7' <Predicate = true> <Delay = 0.00>
ST_1 : Operation 69 [1/1] (0.00ns) (grouped into LUT with out node xor_ln332_5)   --->   "%tmp_7 = call i1 @_ssdm_op_BitSelect.i1.i8.i32(i8 %Tm_3_1, i32 7)" [aes.c:309->aes.c:332]   --->   Operation 69 'bitselect' 'tmp_7' <Predicate = true> <Delay = 0.00>
ST_1 : Operation 70 [1/1] (0.00ns) (grouped into LUT with out node xor_ln332_5)   --->   "%select_ln309_7 = select i1 %tmp_7, i8 27, i8 0" [aes.c:309->aes.c:332]   --->   Operation 70 'select' 'select_ln309_7' <Predicate = true> <Delay = 0.00> <Core = "Sel">   --->   Core 26 'Sel' <Latency = 0> <II = 1> <Delay = 0.75> <FuncUnit> <Opcode : 'select'> <InPorts = 3> <OutPorts = 1>
ST_1 : Operation 71 [1/1] (0.00ns) (grouped into LUT with out node xor_ln332_5)   --->   "%xor_ln332_3 = xor i8 %select_ln309_7, %shl_ln309_7" [aes.c:332]   --->   Operation 71 'xor' 'xor_ln332_3' <Predicate = true> <Delay = 0.00> <Core = "LogicGate">   --->   Core 27 'LogicGate' <Latency = 0> <II = 1> <Delay = 0.66> <FuncUnit> <Opcode : 'and' 'or' 'xor'> <InPorts = 2> <OutPorts = 1>
ST_1 : Operation 72 [1/1] (0.00ns) (grouped into LUT with out node xor_ln332_5)   --->   "%xor_ln332_4 = xor i8 %xor_ln323_1, %state_1_2_read_1" [aes.c:332]   --->   Operation 72 'xor' 'xor_ln332_4' <Predicate = true> <Delay = 0.00> <Core = "LogicGate">   --->   Core 27 'LogicGate' <Latency = 0> <II = 1> <Delay = 0.66> <FuncUnit> <Opcode : 'and' 'or' 'xor'> <InPorts = 2> <OutPorts = 1>
ST_1 : Operation 73 [1/1] (0.75ns) (out node of the LUT)   --->   "%xor_ln332_5 = xor i8 %xor_ln332_4, %xor_ln332_3" [aes.c:332]   --->   Operation 73 'xor' 'xor_ln332_5' <Predicate = true> <Delay = 0.75> <Core = "LogicGate">   --->   Core 27 'LogicGate' <Latency = 0> <II = 1> <Delay = 0.66> <FuncUnit> <Opcode : 'and' 'or' 'xor'> <InPorts = 2> <OutPorts = 1>
ST_1 : Operation 74 [1/1] (0.66ns)   --->   "%xor_ln323_2 = xor i8 %state_2_1_read_1, %state_2_0_read_1" [aes.c:323]   --->   Operation 74 'xor' 'xor_ln323_2' <Predicate = true> <Delay = 0.66> <Core = "LogicGate">   --->   Core 27 'LogicGate' <Latency = 0> <II = 1> <Delay = 0.66> <FuncUnit> <Opcode : 'and' 'or' 'xor'> <InPorts = 2> <OutPorts = 1>
ST_1 : Operation 75 [1/1] (0.66ns)   --->   "%Tm_1_2 = xor i8 %state_2_2_read_1, %state_2_1_read_1" [aes.c:324]   --->   Operation 75 'xor' 'Tm_1_2' <Predicate = true> <Delay = 0.66> <Core = "LogicGate">   --->   Core 27 'LogicGate' <Latency = 0> <II = 1> <Delay = 0.66> <FuncUnit> <Opcode : 'and' 'or' 'xor'> <InPorts = 2> <OutPorts = 1>
ST_1 : Operation 76 [1/1] (0.66ns)   --->   "%Tm_2_2 = xor i8 %state_2_3_read_1, %state_2_2_read_1" [aes.c:325]   --->   Operation 76 'xor' 'Tm_2_2' <Predicate = true> <Delay = 0.66> <Core = "LogicGate">   --->   Core 27 'LogicGate' <Latency = 0> <II = 1> <Delay = 0.66> <FuncUnit> <Opcode : 'and' 'or' 'xor'> <InPorts = 2> <OutPorts = 1>
ST_1 : Operation 77 [1/1] (0.66ns)   --->   "%Tm_3_2 = xor i8 %state_2_3_read_1, %state_2_0_read_1" [aes.c:326]   --->   Operation 77 'xor' 'Tm_3_2' <Predicate = true> <Delay = 0.66> <Core = "LogicGate">   --->   Core 27 'LogicGate' <Latency = 0> <II = 1> <Delay = 0.66> <FuncUnit> <Opcode : 'and' 'or' 'xor'> <InPorts = 2> <OutPorts = 1>
ST_1 : Operation 78 [1/1] (0.00ns) (grouped into LUT with out node xor_ln329_8)   --->   "%shl_ln309_8 = shl i8 %xor_ln323_2, 1" [aes.c:309->aes.c:329]   --->   Operation 78 'shl' 'shl_ln309_8' <Predicate = true> <Delay = 0.00>
ST_1 : Operation 79 [1/1] (0.00ns) (grouped into LUT with out node xor_ln329_8)   --->   "%tmp_8 = call i1 @_ssdm_op_BitSelect.i1.i8.i32(i8 %xor_ln323_2, i32 7)" [aes.c:309->aes.c:329]   --->   Operation 79 'bitselect' 'tmp_8' <Predicate = true> <Delay = 0.00>
ST_1 : Operation 80 [1/1] (0.00ns) (grouped into LUT with out node xor_ln329_8)   --->   "%select_ln309_8 = select i1 %tmp_8, i8 27, i8 0" [aes.c:309->aes.c:329]   --->   Operation 80 'select' 'select_ln309_8' <Predicate = true> <Delay = 0.00> <Core = "Sel">   --->   Core 26 'Sel' <Latency = 0> <II = 1> <Delay = 0.75> <FuncUnit> <Opcode : 'select'> <InPorts = 3> <OutPorts = 1>
ST_1 : Operation 81 [1/1] (0.00ns) (grouped into LUT with out node xor_ln329_8)   --->   "%xor_ln329_6 = xor i8 %select_ln309_8, %shl_ln309_8" [aes.c:329]   --->   Operation 81 'xor' 'xor_ln329_6' <Predicate = true> <Delay = 0.00> <Core = "LogicGate">   --->   Core 27 'LogicGate' <Latency = 0> <II = 1> <Delay = 0.66> <FuncUnit> <Opcode : 'and' 'or' 'xor'> <InPorts = 2> <OutPorts = 1>
ST_1 : Operation 82 [1/1] (0.00ns) (grouped into LUT with out node xor_ln329_8)   --->   "%xor_ln329_7 = xor i8 %Tm_2_2, %state_2_1_read_1" [aes.c:329]   --->   Operation 82 'xor' 'xor_ln329_7' <Predicate = true> <Delay = 0.00> <Core = "LogicGate">   --->   Core 27 'LogicGate' <Latency = 0> <II = 1> <Delay = 0.66> <FuncUnit> <Opcode : 'and' 'or' 'xor'> <InPorts = 2> <OutPorts = 1>
ST_1 : Operation 83 [1/1] (0.75ns) (out node of the LUT)   --->   "%xor_ln329_8 = xor i8 %xor_ln329_7, %xor_ln329_6" [aes.c:329]   --->   Operation 83 'xor' 'xor_ln329_8' <Predicate = true> <Delay = 0.75> <Core = "LogicGate">   --->   Core 27 'LogicGate' <Latency = 0> <II = 1> <Delay = 0.66> <FuncUnit> <Opcode : 'and' 'or' 'xor'> <InPorts = 2> <OutPorts = 1>
ST_1 : Operation 84 [1/1] (0.00ns) (grouped into LUT with out node xor_ln330_8)   --->   "%shl_ln309_9 = shl i8 %Tm_1_2, 1" [aes.c:309->aes.c:330]   --->   Operation 84 'shl' 'shl_ln309_9' <Predicate = true> <Delay = 0.00>
ST_1 : Operation 85 [1/1] (0.00ns) (grouped into LUT with out node xor_ln330_8)   --->   "%tmp_9 = call i1 @_ssdm_op_BitSelect.i1.i8.i32(i8 %Tm_1_2, i32 7)" [aes.c:309->aes.c:330]   --->   Operation 85 'bitselect' 'tmp_9' <Predicate = true> <Delay = 0.00>
ST_1 : Operation 86 [1/1] (0.00ns) (grouped into LUT with out node xor_ln330_8)   --->   "%select_ln309_9 = select i1 %tmp_9, i8 27, i8 0" [aes.c:309->aes.c:330]   --->   Operation 86 'select' 'select_ln309_9' <Predicate = true> <Delay = 0.00> <Core = "Sel">   --->   Core 26 'Sel' <Latency = 0> <II = 1> <Delay = 0.75> <FuncUnit> <Opcode : 'select'> <InPorts = 3> <OutPorts = 1>
ST_1 : Operation 87 [1/1] (0.00ns) (grouped into LUT with out node xor_ln330_8)   --->   "%xor_ln330_6 = xor i8 %select_ln309_9, %shl_ln309_9" [aes.c:330]   --->   Operation 87 'xor' 'xor_ln330_6' <Predicate = true> <Delay = 0.00> <Core = "LogicGate">   --->   Core 27 'LogicGate' <Latency = 0> <II = 1> <Delay = 0.66> <FuncUnit> <Opcode : 'and' 'or' 'xor'> <InPorts = 2> <OutPorts = 1>
ST_1 : Operation 88 [1/1] (0.00ns) (grouped into LUT with out node xor_ln330_8)   --->   "%xor_ln330_7 = xor i8 %Tm_2_2, %state_2_0_read_1" [aes.c:330]   --->   Operation 88 'xor' 'xor_ln330_7' <Predicate = true> <Delay = 0.00> <Core = "LogicGate">   --->   Core 27 'LogicGate' <Latency = 0> <II = 1> <Delay = 0.66> <FuncUnit> <Opcode : 'and' 'or' 'xor'> <InPorts = 2> <OutPorts = 1>
ST_1 : Operation 89 [1/1] (0.75ns) (out node of the LUT)   --->   "%xor_ln330_8 = xor i8 %xor_ln330_7, %xor_ln330_6" [aes.c:330]   --->   Operation 89 'xor' 'xor_ln330_8' <Predicate = true> <Delay = 0.75> <Core = "LogicGate">   --->   Core 27 'LogicGate' <Latency = 0> <II = 1> <Delay = 0.66> <FuncUnit> <Opcode : 'and' 'or' 'xor'> <InPorts = 2> <OutPorts = 1>
ST_1 : Operation 90 [1/1] (0.00ns) (grouped into LUT with out node xor_ln331_8)   --->   "%shl_ln309_10 = shl i8 %Tm_2_2, 1" [aes.c:309->aes.c:331]   --->   Operation 90 'shl' 'shl_ln309_10' <Predicate = true> <Delay = 0.00>
ST_1 : Operation 91 [1/1] (0.00ns) (grouped into LUT with out node xor_ln331_8)   --->   "%tmp_10 = call i1 @_ssdm_op_BitSelect.i1.i8.i32(i8 %Tm_2_2, i32 7)" [aes.c:309->aes.c:331]   --->   Operation 91 'bitselect' 'tmp_10' <Predicate = true> <Delay = 0.00>
ST_1 : Operation 92 [1/1] (0.00ns) (grouped into LUT with out node xor_ln331_8)   --->   "%select_ln309_10 = select i1 %tmp_10, i8 27, i8 0" [aes.c:309->aes.c:331]   --->   Operation 92 'select' 'select_ln309_10' <Predicate = true> <Delay = 0.00> <Core = "Sel">   --->   Core 26 'Sel' <Latency = 0> <II = 1> <Delay = 0.75> <FuncUnit> <Opcode : 'select'> <InPorts = 3> <OutPorts = 1>
ST_1 : Operation 93 [1/1] (0.00ns) (grouped into LUT with out node xor_ln331_8)   --->   "%xor_ln331_6 = xor i8 %select_ln309_10, %shl_ln309_10" [aes.c:331]   --->   Operation 93 'xor' 'xor_ln331_6' <Predicate = true> <Delay = 0.00> <Core = "LogicGate">   --->   Core 27 'LogicGate' <Latency = 0> <II = 1> <Delay = 0.66> <FuncUnit> <Opcode : 'and' 'or' 'xor'> <InPorts = 2> <OutPorts = 1>
ST_1 : Operation 94 [1/1] (0.00ns) (grouped into LUT with out node xor_ln331_8)   --->   "%xor_ln331_7 = xor i8 %xor_ln323_2, %state_2_3_read_1" [aes.c:331]   --->   Operation 94 'xor' 'xor_ln331_7' <Predicate = true> <Delay = 0.00> <Core = "LogicGate">   --->   Core 27 'LogicGate' <Latency = 0> <II = 1> <Delay = 0.66> <FuncUnit> <Opcode : 'and' 'or' 'xor'> <InPorts = 2> <OutPorts = 1>
ST_1 : Operation 95 [1/1] (0.75ns) (out node of the LUT)   --->   "%xor_ln331_8 = xor i8 %xor_ln331_7, %xor_ln331_6" [aes.c:331]   --->   Operation 95 'xor' 'xor_ln331_8' <Predicate = true> <Delay = 0.75> <Core = "LogicGate">   --->   Core 27 'LogicGate' <Latency = 0> <II = 1> <Delay = 0.66> <FuncUnit> <Opcode : 'and' 'or' 'xor'> <InPorts = 2> <OutPorts = 1>
ST_1 : Operation 96 [1/1] (0.00ns) (grouped into LUT with out node xor_ln332_8)   --->   "%shl_ln309_11 = shl i8 %Tm_3_2, 1" [aes.c:309->aes.c:332]   --->   Operation 96 'shl' 'shl_ln309_11' <Predicate = true> <Delay = 0.00>
ST_1 : Operation 97 [1/1] (0.00ns) (grouped into LUT with out node xor_ln332_8)   --->   "%tmp_11 = call i1 @_ssdm_op_BitSelect.i1.i8.i32(i8 %Tm_3_2, i32 7)" [aes.c:309->aes.c:332]   --->   Operation 97 'bitselect' 'tmp_11' <Predicate = true> <Delay = 0.00>
ST_1 : Operation 98 [1/1] (0.00ns) (grouped into LUT with out node xor_ln332_8)   --->   "%select_ln309_11 = select i1 %tmp_11, i8 27, i8 0" [aes.c:309->aes.c:332]   --->   Operation 98 'select' 'select_ln309_11' <Predicate = true> <Delay = 0.00> <Core = "Sel">   --->   Core 26 'Sel' <Latency = 0> <II = 1> <Delay = 0.75> <FuncUnit> <Opcode : 'select'> <InPorts = 3> <OutPorts = 1>
ST_1 : Operation 99 [1/1] (0.00ns) (grouped into LUT with out node xor_ln332_8)   --->   "%xor_ln332_6 = xor i8 %select_ln309_11, %shl_ln309_11" [aes.c:332]   --->   Operation 99 'xor' 'xor_ln332_6' <Predicate = true> <Delay = 0.00> <Core = "LogicGate">   --->   Core 27 'LogicGate' <Latency = 0> <II = 1> <Delay = 0.66> <FuncUnit> <Opcode : 'and' 'or' 'xor'> <InPorts = 2> <OutPorts = 1>
ST_1 : Operation 100 [1/1] (0.00ns) (grouped into LUT with out node xor_ln332_8)   --->   "%xor_ln332_7 = xor i8 %xor_ln323_2, %state_2_2_read_1" [aes.c:332]   --->   Operation 100 'xor' 'xor_ln332_7' <Predicate = true> <Delay = 0.00> <Core = "LogicGate">   --->   Core 27 'LogicGate' <Latency = 0> <II = 1> <Delay = 0.66> <FuncUnit> <Opcode : 'and' 'or' 'xor'> <InPorts = 2> <OutPorts = 1>
ST_1 : Operation 101 [1/1] (0.75ns) (out node of the LUT)   --->   "%xor_ln332_8 = xor i8 %xor_ln332_7, %xor_ln332_6" [aes.c:332]   --->   Operation 101 'xor' 'xor_ln332_8' <Predicate = true> <Delay = 0.75> <Core = "LogicGate">   --->   Core 27 'LogicGate' <Latency = 0> <II = 1> <Delay = 0.66> <FuncUnit> <Opcode : 'and' 'or' 'xor'> <InPorts = 2> <OutPorts = 1>
ST_1 : Operation 102 [1/1] (0.66ns)   --->   "%xor_ln323_3 = xor i8 %state_3_1_read_1, %state_3_0_read_1" [aes.c:323]   --->   Operation 102 'xor' 'xor_ln323_3' <Predicate = true> <Delay = 0.66> <Core = "LogicGate">   --->   Core 27 'LogicGate' <Latency = 0> <II = 1> <Delay = 0.66> <FuncUnit> <Opcode : 'and' 'or' 'xor'> <InPorts = 2> <OutPorts = 1>
ST_1 : Operation 103 [1/1] (0.66ns)   --->   "%Tm_1_3 = xor i8 %state_3_2_read_1, %state_3_1_read_1" [aes.c:324]   --->   Operation 103 'xor' 'Tm_1_3' <Predicate = true> <Delay = 0.66> <Core = "LogicGate">   --->   Core 27 'LogicGate' <Latency = 0> <II = 1> <Delay = 0.66> <FuncUnit> <Opcode : 'and' 'or' 'xor'> <InPorts = 2> <OutPorts = 1>
ST_1 : Operation 104 [1/1] (0.66ns)   --->   "%Tm_2_3 = xor i8 %state_3_3_read_1, %state_3_2_read_1" [aes.c:325]   --->   Operation 104 'xor' 'Tm_2_3' <Predicate = true> <Delay = 0.66> <Core = "LogicGate">   --->   Core 27 'LogicGate' <Latency = 0> <II = 1> <Delay = 0.66> <FuncUnit> <Opcode : 'and' 'or' 'xor'> <InPorts = 2> <OutPorts = 1>
ST_1 : Operation 105 [1/1] (0.66ns)   --->   "%Tm_3_3 = xor i8 %state_3_3_read_1, %state_3_0_read_1" [aes.c:326]   --->   Operation 105 'xor' 'Tm_3_3' <Predicate = true> <Delay = 0.66> <Core = "LogicGate">   --->   Core 27 'LogicGate' <Latency = 0> <II = 1> <Delay = 0.66> <FuncUnit> <Opcode : 'and' 'or' 'xor'> <InPorts = 2> <OutPorts = 1>
ST_1 : Operation 106 [1/1] (0.00ns) (grouped into LUT with out node xor_ln329_11)   --->   "%shl_ln309_12 = shl i8 %xor_ln323_3, 1" [aes.c:309->aes.c:329]   --->   Operation 106 'shl' 'shl_ln309_12' <Predicate = true> <Delay = 0.00>
ST_1 : Operation 107 [1/1] (0.00ns) (grouped into LUT with out node xor_ln329_11)   --->   "%tmp_12 = call i1 @_ssdm_op_BitSelect.i1.i8.i32(i8 %xor_ln323_3, i32 7)" [aes.c:309->aes.c:329]   --->   Operation 107 'bitselect' 'tmp_12' <Predicate = true> <Delay = 0.00>
ST_1 : Operation 108 [1/1] (0.00ns) (grouped into LUT with out node xor_ln329_11)   --->   "%select_ln309_12 = select i1 %tmp_12, i8 27, i8 0" [aes.c:309->aes.c:329]   --->   Operation 108 'select' 'select_ln309_12' <Predicate = true> <Delay = 0.00> <Core = "Sel">   --->   Core 26 'Sel' <Latency = 0> <II = 1> <Delay = 0.75> <FuncUnit> <Opcode : 'select'> <InPorts = 3> <OutPorts = 1>
ST_1 : Operation 109 [1/1] (0.00ns) (grouped into LUT with out node xor_ln329_11)   --->   "%xor_ln329_9 = xor i8 %select_ln309_12, %shl_ln309_12" [aes.c:329]   --->   Operation 109 'xor' 'xor_ln329_9' <Predicate = true> <Delay = 0.00> <Core = "LogicGate">   --->   Core 27 'LogicGate' <Latency = 0> <II = 1> <Delay = 0.66> <FuncUnit> <Opcode : 'and' 'or' 'xor'> <InPorts = 2> <OutPorts = 1>
ST_1 : Operation 110 [1/1] (0.00ns) (grouped into LUT with out node xor_ln329_11)   --->   "%xor_ln329_10 = xor i8 %Tm_2_3, %state_3_1_read_1" [aes.c:329]   --->   Operation 110 'xor' 'xor_ln329_10' <Predicate = true> <Delay = 0.00> <Core = "LogicGate">   --->   Core 27 'LogicGate' <Latency = 0> <II = 1> <Delay = 0.66> <FuncUnit> <Opcode : 'and' 'or' 'xor'> <InPorts = 2> <OutPorts = 1>
ST_1 : Operation 111 [1/1] (0.75ns) (out node of the LUT)   --->   "%xor_ln329_11 = xor i8 %xor_ln329_10, %xor_ln329_9" [aes.c:329]   --->   Operation 111 'xor' 'xor_ln329_11' <Predicate = true> <Delay = 0.75> <Core = "LogicGate">   --->   Core 27 'LogicGate' <Latency = 0> <II = 1> <Delay = 0.66> <FuncUnit> <Opcode : 'and' 'or' 'xor'> <InPorts = 2> <OutPorts = 1>
ST_1 : Operation 112 [1/1] (0.00ns) (grouped into LUT with out node xor_ln330_11)   --->   "%shl_ln309_13 = shl i8 %Tm_1_3, 1" [aes.c:309->aes.c:330]   --->   Operation 112 'shl' 'shl_ln309_13' <Predicate = true> <Delay = 0.00>
ST_1 : Operation 113 [1/1] (0.00ns) (grouped into LUT with out node xor_ln330_11)   --->   "%tmp_13 = call i1 @_ssdm_op_BitSelect.i1.i8.i32(i8 %Tm_1_3, i32 7)" [aes.c:309->aes.c:330]   --->   Operation 113 'bitselect' 'tmp_13' <Predicate = true> <Delay = 0.00>
ST_1 : Operation 114 [1/1] (0.00ns) (grouped into LUT with out node xor_ln330_11)   --->   "%select_ln309_13 = select i1 %tmp_13, i8 27, i8 0" [aes.c:309->aes.c:330]   --->   Operation 114 'select' 'select_ln309_13' <Predicate = true> <Delay = 0.00> <Core = "Sel">   --->   Core 26 'Sel' <Latency = 0> <II = 1> <Delay = 0.75> <FuncUnit> <Opcode : 'select'> <InPorts = 3> <OutPorts = 1>
ST_1 : Operation 115 [1/1] (0.00ns) (grouped into LUT with out node xor_ln330_11)   --->   "%xor_ln330_9 = xor i8 %select_ln309_13, %shl_ln309_13" [aes.c:330]   --->   Operation 115 'xor' 'xor_ln330_9' <Predicate = true> <Delay = 0.00> <Core = "LogicGate">   --->   Core 27 'LogicGate' <Latency = 0> <II = 1> <Delay = 0.66> <FuncUnit> <Opcode : 'and' 'or' 'xor'> <InPorts = 2> <OutPorts = 1>
ST_1 : Operation 116 [1/1] (0.00ns) (grouped into LUT with out node xor_ln330_11)   --->   "%xor_ln330_10 = xor i8 %Tm_2_3, %state_3_0_read_1" [aes.c:330]   --->   Operation 116 'xor' 'xor_ln330_10' <Predicate = true> <Delay = 0.00> <Core = "LogicGate">   --->   Core 27 'LogicGate' <Latency = 0> <II = 1> <Delay = 0.66> <FuncUnit> <Opcode : 'and' 'or' 'xor'> <InPorts = 2> <OutPorts = 1>
ST_1 : Operation 117 [1/1] (0.75ns) (out node of the LUT)   --->   "%xor_ln330_11 = xor i8 %xor_ln330_10, %xor_ln330_9" [aes.c:330]   --->   Operation 117 'xor' 'xor_ln330_11' <Predicate = true> <Delay = 0.75> <Core = "LogicGate">   --->   Core 27 'LogicGate' <Latency = 0> <II = 1> <Delay = 0.66> <FuncUnit> <Opcode : 'and' 'or' 'xor'> <InPorts = 2> <OutPorts = 1>
ST_1 : Operation 118 [1/1] (0.00ns) (grouped into LUT with out node xor_ln331_11)   --->   "%shl_ln309_14 = shl i8 %Tm_2_3, 1" [aes.c:309->aes.c:331]   --->   Operation 118 'shl' 'shl_ln309_14' <Predicate = true> <Delay = 0.00>
ST_1 : Operation 119 [1/1] (0.00ns) (grouped into LUT with out node xor_ln331_11)   --->   "%tmp_14 = call i1 @_ssdm_op_BitSelect.i1.i8.i32(i8 %Tm_2_3, i32 7)" [aes.c:309->aes.c:331]   --->   Operation 119 'bitselect' 'tmp_14' <Predicate = true> <Delay = 0.00>
ST_1 : Operation 120 [1/1] (0.00ns) (grouped into LUT with out node xor_ln331_11)   --->   "%select_ln309_14 = select i1 %tmp_14, i8 27, i8 0" [aes.c:309->aes.c:331]   --->   Operation 120 'select' 'select_ln309_14' <Predicate = true> <Delay = 0.00> <Core = "Sel">   --->   Core 26 'Sel' <Latency = 0> <II = 1> <Delay = 0.75> <FuncUnit> <Opcode : 'select'> <InPorts = 3> <OutPorts = 1>
ST_1 : Operation 121 [1/1] (0.00ns) (grouped into LUT with out node xor_ln331_11)   --->   "%xor_ln331_9 = xor i8 %select_ln309_14, %shl_ln309_14" [aes.c:331]   --->   Operation 121 'xor' 'xor_ln331_9' <Predicate = true> <Delay = 0.00> <Core = "LogicGate">   --->   Core 27 'LogicGate' <Latency = 0> <II = 1> <Delay = 0.66> <FuncUnit> <Opcode : 'and' 'or' 'xor'> <InPorts = 2> <OutPorts = 1>
ST_1 : Operation 122 [1/1] (0.00ns) (grouped into LUT with out node xor_ln331_11)   --->   "%xor_ln331_10 = xor i8 %xor_ln323_3, %state_3_3_read_1" [aes.c:331]   --->   Operation 122 'xor' 'xor_ln331_10' <Predicate = true> <Delay = 0.00> <Core = "LogicGate">   --->   Core 27 'LogicGate' <Latency = 0> <II = 1> <Delay = 0.66> <FuncUnit> <Opcode : 'and' 'or' 'xor'> <InPorts = 2> <OutPorts = 1>
ST_1 : Operation 123 [1/1] (0.75ns) (out node of the LUT)   --->   "%xor_ln331_11 = xor i8 %xor_ln331_10, %xor_ln331_9" [aes.c:331]   --->   Operation 123 'xor' 'xor_ln331_11' <Predicate = true> <Delay = 0.75> <Core = "LogicGate">   --->   Core 27 'LogicGate' <Latency = 0> <II = 1> <Delay = 0.66> <FuncUnit> <Opcode : 'and' 'or' 'xor'> <InPorts = 2> <OutPorts = 1>
ST_1 : Operation 124 [1/1] (0.00ns) (grouped into LUT with out node xor_ln332_11)   --->   "%shl_ln309_15 = shl i8 %Tm_3_3, 1" [aes.c:309->aes.c:332]   --->   Operation 124 'shl' 'shl_ln309_15' <Predicate = true> <Delay = 0.00>
ST_1 : Operation 125 [1/1] (0.00ns) (grouped into LUT with out node xor_ln332_11)   --->   "%tmp_15 = call i1 @_ssdm_op_BitSelect.i1.i8.i32(i8 %Tm_3_3, i32 7)" [aes.c:309->aes.c:332]   --->   Operation 125 'bitselect' 'tmp_15' <Predicate = true> <Delay = 0.00>
ST_1 : Operation 126 [1/1] (0.00ns) (grouped into LUT with out node xor_ln332_11)   --->   "%select_ln309_15 = select i1 %tmp_15, i8 27, i8 0" [aes.c:309->aes.c:332]   --->   Operation 126 'select' 'select_ln309_15' <Predicate = true> <Delay = 0.00> <Core = "Sel">   --->   Core 26 'Sel' <Latency = 0> <II = 1> <Delay = 0.75> <FuncUnit> <Opcode : 'select'> <InPorts = 3> <OutPorts = 1>
ST_1 : Operation 127 [1/1] (0.00ns) (grouped into LUT with out node xor_ln332_11)   --->   "%xor_ln332_9 = xor i8 %select_ln309_15, %shl_ln309_15" [aes.c:332]   --->   Operation 127 'xor' 'xor_ln332_9' <Predicate = true> <Delay = 0.00> <Core = "LogicGate">   --->   Core 27 'LogicGate' <Latency = 0> <II = 1> <Delay = 0.66> <FuncUnit> <Opcode : 'and' 'or' 'xor'> <InPorts = 2> <OutPorts = 1>
ST_1 : Operation 128 [1/1] (0.00ns) (grouped into LUT with out node xor_ln332_11)   --->   "%xor_ln332_10 = xor i8 %xor_ln323_3, %state_3_2_read_1" [aes.c:332]   --->   Operation 128 'xor' 'xor_ln332_10' <Predicate = true> <Delay = 0.00> <Core = "LogicGate">   --->   Core 27 'LogicGate' <Latency = 0> <II = 1> <Delay = 0.66> <FuncUnit> <Opcode : 'and' 'or' 'xor'> <InPorts = 2> <OutPorts = 1>
ST_1 : Operation 129 [1/1] (0.75ns) (out node of the LUT)   --->   "%xor_ln332_11 = xor i8 %xor_ln332_10, %xor_ln332_9" [aes.c:332]   --->   Operation 129 'xor' 'xor_ln332_11' <Predicate = true> <Delay = 0.75> <Core = "LogicGate">   --->   Core 27 'LogicGate' <Latency = 0> <II = 1> <Delay = 0.66> <FuncUnit> <Opcode : 'and' 'or' 'xor'> <InPorts = 2> <OutPorts = 1>
ST_1 : Operation 130 [1/1] (0.00ns)   --->   "%mrv = insertvalue { i8, i8, i8, i8, i8, i8, i8, i8, i8, i8, i8, i8, i8, i8, i8, i8 } undef, i8 %xor_ln329_2, 0" [aes.c:334]   --->   Operation 130 'insertvalue' 'mrv' <Predicate = true> <Delay = 0.00>
ST_1 : Operation 131 [1/1] (0.00ns)   --->   "%mrv_1 = insertvalue { i8, i8, i8, i8, i8, i8, i8, i8, i8, i8, i8, i8, i8, i8, i8, i8 } %mrv, i8 %xor_ln330_2, 1" [aes.c:334]   --->   Operation 131 'insertvalue' 'mrv_1' <Predicate = true> <Delay = 0.00>
ST_1 : Operation 132 [1/1] (0.00ns)   --->   "%mrv_2 = insertvalue { i8, i8, i8, i8, i8, i8, i8, i8, i8, i8, i8, i8, i8, i8, i8, i8 } %mrv_1, i8 %xor_ln331_2, 2" [aes.c:334]   --->   Operation 132 'insertvalue' 'mrv_2' <Predicate = true> <Delay = 0.00>
ST_1 : Operation 133 [1/1] (0.00ns)   --->   "%mrv_3 = insertvalue { i8, i8, i8, i8, i8, i8, i8, i8, i8, i8, i8, i8, i8, i8, i8, i8 } %mrv_2, i8 %xor_ln332_2, 3" [aes.c:334]   --->   Operation 133 'insertvalue' 'mrv_3' <Predicate = true> <Delay = 0.00>
ST_1 : Operation 134 [1/1] (0.00ns)   --->   "%mrv_4 = insertvalue { i8, i8, i8, i8, i8, i8, i8, i8, i8, i8, i8, i8, i8, i8, i8, i8 } %mrv_3, i8 %xor_ln329_5, 4" [aes.c:334]   --->   Operation 134 'insertvalue' 'mrv_4' <Predicate = true> <Delay = 0.00>
ST_1 : Operation 135 [1/1] (0.00ns)   --->   "%mrv_5 = insertvalue { i8, i8, i8, i8, i8, i8, i8, i8, i8, i8, i8, i8, i8, i8, i8, i8 } %mrv_4, i8 %xor_ln330_5, 5" [aes.c:334]   --->   Operation 135 'insertvalue' 'mrv_5' <Predicate = true> <Delay = 0.00>
ST_1 : Operation 136 [1/1] (0.00ns)   --->   "%mrv_6 = insertvalue { i8, i8, i8, i8, i8, i8, i8, i8, i8, i8, i8, i8, i8, i8, i8, i8 } %mrv_5, i8 %xor_ln331_5, 6" [aes.c:334]   --->   Operation 136 'insertvalue' 'mrv_6' <Predicate = true> <Delay = 0.00>
ST_1 : Operation 137 [1/1] (0.00ns)   --->   "%mrv_7 = insertvalue { i8, i8, i8, i8, i8, i8, i8, i8, i8, i8, i8, i8, i8, i8, i8, i8 } %mrv_6, i8 %xor_ln332_5, 7" [aes.c:334]   --->   Operation 137 'insertvalue' 'mrv_7' <Predicate = true> <Delay = 0.00>
ST_1 : Operation 138 [1/1] (0.00ns)   --->   "%mrv_8 = insertvalue { i8, i8, i8, i8, i8, i8, i8, i8, i8, i8, i8, i8, i8, i8, i8, i8 } %mrv_7, i8 %xor_ln329_8, 8" [aes.c:334]   --->   Operation 138 'insertvalue' 'mrv_8' <Predicate = true> <Delay = 0.00>
ST_1 : Operation 139 [1/1] (0.00ns)   --->   "%mrv_9 = insertvalue { i8, i8, i8, i8, i8, i8, i8, i8, i8, i8, i8, i8, i8, i8, i8, i8 } %mrv_8, i8 %xor_ln330_8, 9" [aes.c:334]   --->   Operation 139 'insertvalue' 'mrv_9' <Predicate = true> <Delay = 0.00>
ST_1 : Operation 140 [1/1] (0.00ns)   --->   "%mrv_s = insertvalue { i8, i8, i8, i8, i8, i8, i8, i8, i8, i8, i8, i8, i8, i8, i8, i8 } %mrv_9, i8 %xor_ln331_8, 10" [aes.c:334]   --->   Operation 140 'insertvalue' 'mrv_s' <Predicate = true> <Delay = 0.00>
ST_1 : Operation 141 [1/1] (0.00ns)   --->   "%mrv_10 = insertvalue { i8, i8, i8, i8, i8, i8, i8, i8, i8, i8, i8, i8, i8, i8, i8, i8 } %mrv_s, i8 %xor_ln332_8, 11" [aes.c:334]   --->   Operation 141 'insertvalue' 'mrv_10' <Predicate = true> <Delay = 0.00>
ST_1 : Operation 142 [1/1] (0.00ns)   --->   "%mrv_11 = insertvalue { i8, i8, i8, i8, i8, i8, i8, i8, i8, i8, i8, i8, i8, i8, i8, i8 } %mrv_10, i8 %xor_ln329_11, 12" [aes.c:334]   --->   Operation 142 'insertvalue' 'mrv_11' <Predicate = true> <Delay = 0.00>
ST_1 : Operation 143 [1/1] (0.00ns)   --->   "%mrv_12 = insertvalue { i8, i8, i8, i8, i8, i8, i8, i8, i8, i8, i8, i8, i8, i8, i8, i8 } %mrv_11, i8 %xor_ln330_11, 13" [aes.c:334]   --->   Operation 143 'insertvalue' 'mrv_12' <Predicate = true> <Delay = 0.00>
ST_1 : Operation 144 [1/1] (0.00ns)   --->   "%mrv_13 = insertvalue { i8, i8, i8, i8, i8, i8, i8, i8, i8, i8, i8, i8, i8, i8, i8, i8 } %mrv_12, i8 %xor_ln331_11, 14" [aes.c:334]   --->   Operation 144 'insertvalue' 'mrv_13' <Predicate = true> <Delay = 0.00>
ST_1 : Operation 145 [1/1] (0.00ns)   --->   "%mrv_14 = insertvalue { i8, i8, i8, i8, i8, i8, i8, i8, i8, i8, i8, i8, i8, i8, i8, i8 } %mrv_13, i8 %xor_ln332_11, 15" [aes.c:334]   --->   Operation 145 'insertvalue' 'mrv_14' <Predicate = true> <Delay = 0.00>
ST_1 : Operation 146 [1/1] (0.00ns)   --->   "ret { i8, i8, i8, i8, i8, i8, i8, i8, i8, i8, i8, i8, i8, i8, i8, i8 } %mrv_14" [aes.c:334]   --->   Operation 146 'ret' <Predicate = true> <Delay = 0.00>


============================================================
+ Verbose Summary: Timing violations
============================================================
Target clock period: 10ns, clock uncertainty: 1.25ns.

 <State 1>: 1.42ns
The critical path consists of the following:
	wire read on port 'state_3_3_read' (aes.c:313) [17]  (0 ns)
	'xor' operation ('Tm[2]', aes.c:325) [119]  (0.66 ns)
	'xor' operation ('xor_ln329_10', aes.c:329) [125]  (0 ns)
	'xor' operation ('state[3][0]', aes.c:329) [126]  (0.757 ns)


============================================================
+ Verbose Summary: Binding
============================================================
N/A
* FSMD analyzer results:
  - Output states:
 - Input state : 
  - Chain level:
	State 1


============================================================
+ Verbose Summary: Datapath Resource usage 
============================================================
N/A
