

================================================================
== Vivado HLS Report for 'KeyExpansion'
================================================================
* Date:           Wed May 13 03:42:41 2020

* Version:        2019.2 (Build 2704478 on Wed Nov 06 22:10:23 MST 2019)
* Project:        VLSI_Project
* Solution:       solution1
* Product family: virtex7
* Target device:  xc7vx485t-ffg1157-1


================================================================
== Performance Estimates
================================================================
+ Timing: 
    * Summary: 
    +--------+----------+----------+------------+
    |  Clock |  Target  | Estimated| Uncertainty|
    +--------+----------+----------+------------+
    |ap_clk  | 10.00 ns | 8.430 ns |   1.25 ns  |
    +--------+----------+----------+------------+

+ Latency: 
    * Summary: 
    +---------+---------+----------+----------+-----+-----+---------+
    |  Latency (cycles) |  Latency (absolute) |  Interval | Pipeline|
    |   min   |   max   |    min   |    max   | min | max |   Type  |
    +---------+---------+----------+----------+-----+-----+---------+
    |       43|       43| 0.430 us | 0.430 us |   43|   43|   none  |
    +---------+---------+----------+----------+-----+-----+---------+

    + Detail: 
        * Instance: 
        N/A

        * Loop: 
        +----------+---------+---------+----------+-----------+-----------+------+----------+
        |          |  Latency (cycles) | Iteration|  Initiation Interval  | Trip |          |
        | Loop Name|   min   |   max   |  Latency |  achieved |   target  | Count| Pipelined|
        +----------+---------+---------+----------+-----------+-----------+------+----------+
        |- Loop 1  |       41|       41|         6|          4|          1|    10|    yes   |
        +----------+---------+---------+----------+-----------+-----------+------+----------+



================================================================
== Utilization Estimates
================================================================
* Summary: 
+-----------------+---------+-------+--------+--------+-----+
|       Name      | BRAM_18K| DSP48E|   FF   |   LUT  | URAM|
+-----------------+---------+-------+--------+--------+-----+
|DSP              |        -|      -|       -|       -|    -|
|Expression       |        -|      -|       0|     404|    -|
|FIFO             |        -|      -|       -|       -|    -|
|Instance         |        -|      -|       -|       -|    -|
|Memory           |        0|      -|     136|      34|    -|
|Multiplexer      |        -|      -|       -|    1413|    -|
|Register         |        -|      -|     186|       -|    -|
+-----------------+---------+-------+--------+--------+-----+
|Total            |        0|      0|     322|    1851|    0|
+-----------------+---------+-------+--------+--------+-----+
|Available        |     2060|   2800|  607200|  303600|    0|
+-----------------+---------+-------+--------+--------+-----+
|Utilization (%)  |        0|      0|   ~0   |   ~0   |    0|
+-----------------+---------+-------+--------+--------+-----+

+ Detail: 
    * Instance: 
    N/A

    * DSP48E: 
    N/A

    * Memory: 
    +-----------+----------------------+---------+---+----+-----+------+-----+------+-------------+
    |   Memory  |        Module        | BRAM_18K| FF| LUT| URAM| Words| Bits| Banks| W*Bits*Banks|
    +-----------+----------------------+---------+---+----+-----+------+-----+------+-------------+
    |Rcon_U     |KeyExpansion_Rcon     |        0|  8|   2|    0|    11|    8|     1|           88|
    |sbox_0_U   |KeyExpansion_sbox_0   |        0|  8|   2|    0|    16|    8|     1|          128|
    |sbox_1_U   |KeyExpansion_sbox_1   |        0|  8|   2|    0|    16|    8|     1|          128|
    |sbox_2_U   |KeyExpansion_sbox_2   |        0|  8|   2|    0|    16|    8|     1|          128|
    |sbox_3_U   |KeyExpansion_sbox_3   |        0|  8|   2|    0|    16|    8|     1|          128|
    |sbox_4_U   |KeyExpansion_sbox_4   |        0|  8|   2|    0|    16|    8|     1|          128|
    |sbox_5_U   |KeyExpansion_sbox_5   |        0|  8|   2|    0|    16|    8|     1|          128|
    |sbox_6_U   |KeyExpansion_sbox_6   |        0|  8|   2|    0|    16|    8|     1|          128|
    |sbox_7_U   |KeyExpansion_sbox_7   |        0|  8|   2|    0|    16|    8|     1|          128|
    |sbox_8_U   |KeyExpansion_sbox_8   |        0|  8|   2|    0|    16|    8|     1|          128|
    |sbox_9_U   |KeyExpansion_sbox_9   |        0|  8|   2|    0|    16|    8|     1|          128|
    |sbox_10_U  |KeyExpansion_sboxbkb  |        0|  8|   2|    0|    16|    8|     1|          128|
    |sbox_11_U  |KeyExpansion_sboxcud  |        0|  8|   2|    0|    16|    8|     1|          128|
    |sbox_12_U  |KeyExpansion_sboxdEe  |        0|  8|   2|    0|    16|    8|     1|          128|
    |sbox_13_U  |KeyExpansion_sboxeOg  |        0|  8|   2|    0|    16|    8|     1|          128|
    |sbox_14_U  |KeyExpansion_sboxfYi  |        0|  8|   2|    0|    16|    8|     1|          128|
    |sbox_15_U  |KeyExpansion_sboxg8j  |        0|  8|   2|    0|    16|    8|     1|          128|
    +-----------+----------------------+---------+---+----+-----+------+-----+------+-------------+
    |Total      |                      |        0|136|  34|    0|   267|  136|    17|         2136|
    +-----------+----------------------+---------+---+----+-----+------+-----+------+-------------+

    * FIFO: 
    N/A

    * Expression: 
    +------------------------+----------+-------+---+----+------------+------------+
    |      Variable Name     | Operation| DSP48E| FF| LUT| Bitwidth P0| Bitwidth P1|
    +------------------------+----------+-------+---+----+------------+------------+
    |add_ln170_fu_2133_p2    |     +    |      0|  0|  15|           8|           5|
    |add_ln175_fu_1627_p2    |     +    |      0|  0|  15|           4|           8|
    |add_ln176_fu_1810_p2    |     +    |      0|  0|  15|           3|           8|
    |add_ln177_fu_1928_p2    |     +    |      0|  0|  15|           3|           8|
    |add_ln178_fu_1648_p2    |     +    |      0|  0|  15|           2|           8|
    |add_ln213_1_fu_1726_p2  |     +    |      0|  0|  15|           8|           5|
    |add_ln213_2_fu_1768_p2  |     +    |      0|  0|  15|           8|           5|
    |add_ln213_fu_1684_p2    |     +    |      0|  0|  15|           8|           6|
    |add_ln214_1_fu_1886_p2  |     +    |      0|  0|  15|           8|           5|
    |add_ln214_2_fu_1907_p2  |     +    |      0|  0|  15|           8|           4|
    |add_ln214_fu_1865_p2    |     +    |      0|  0|  15|           8|           5|
    |add_ln215_1_fu_2010_p2  |     +    |      0|  0|  15|           8|           5|
    |add_ln215_2_fu_2037_p2  |     +    |      0|  0|  15|           8|           4|
    |add_ln215_fu_1983_p2    |     +    |      0|  0|  15|           8|           5|
    |add_ln216_1_fu_1747_p2  |     +    |      0|  0|  15|           8|           5|
    |add_ln216_2_fu_1789_p2  |     +    |      0|  0|  15|           8|           4|
    |add_ln216_fu_1705_p2    |     +    |      0|  0|  15|           8|           5|
    |icmp_ln170_fu_1621_p2   |   icmp   |      0|  0|  11|           8|           8|
    |ap_enable_pp0           |    xor   |      0|  0|   2|           1|           2|
    |xor_ln213_1_fu_2115_p2  |    xor   |      0|  0|   8|           8|           8|
    |xor_ln213_2_fu_2121_p2  |    xor   |      0|  0|   8|           8|           8|
    |xor_ln213_3_fu_2127_p2  |    xor   |      0|  0|   8|           8|           8|
    |xor_ln213_4_fu_2104_p2  |    xor   |      0|  0|   8|           8|           8|
    |xor_ln213_fu_2109_p2    |    xor   |      0|  0|   8|           8|           8|
    |xor_ln214_1_fu_2177_p2  |    xor   |      0|  0|   8|           8|           8|
    |xor_ln214_2_fu_2183_p2  |    xor   |      0|  0|   8|           8|           8|
    |xor_ln214_3_fu_2189_p2  |    xor   |      0|  0|   8|           8|           8|
    |xor_ln214_fu_2171_p2    |    xor   |      0|  0|   8|           8|           8|
    |xor_ln215_1_fu_2201_p2  |    xor   |      0|  0|   8|           8|           8|
    |xor_ln215_2_fu_2207_p2  |    xor   |      0|  0|   8|           8|           8|
    |xor_ln215_3_fu_2213_p2  |    xor   |      0|  0|   8|           8|           8|
    |xor_ln215_fu_2195_p2    |    xor   |      0|  0|   8|           8|           8|
    |xor_ln216_1_fu_2031_p2  |    xor   |      0|  0|   8|           8|           8|
    |xor_ln216_2_fu_2058_p2  |    xor   |      0|  0|   8|           8|           8|
    |xor_ln216_3_fu_2064_p2  |    xor   |      0|  0|   8|           8|           8|
    |xor_ln216_fu_2004_p2    |    xor   |      0|  0|   8|           8|           8|
    +------------------------+----------+-------+---+----+------------+------------+
    |Total                   |          |      0|  0| 404|         261|         241|
    +------------------------+----------+-------+---+----+------------+------------+

    * Multiplexer: 
    +-----------------------------------------------+----+-----------+-----+-----------+
    |                      Name                     | LUT| Input Size| Bits| Total Bits|
    +-----------------------------------------------+----+-----------+-----+-----------+
    |RoundKey_0_address0                            |  21|          4|    4|         16|
    |RoundKey_0_d0                                  |  15|          3|    8|         24|
    |RoundKey_10_address0                           |  21|          4|    4|         16|
    |RoundKey_10_d0                                 |  15|          3|    8|         24|
    |RoundKey_11_address0                           |  21|          4|    4|         16|
    |RoundKey_11_d0                                 |  15|          3|    8|         24|
    |RoundKey_12_address0                           |  21|          4|    4|         16|
    |RoundKey_12_d0                                 |  15|          3|    8|         24|
    |RoundKey_13_address0                           |  21|          4|    4|         16|
    |RoundKey_13_d0                                 |  15|          3|    8|         24|
    |RoundKey_14_address0                           |  21|          4|    4|         16|
    |RoundKey_14_d0                                 |  15|          3|    8|         24|
    |RoundKey_15_address0                           |  21|          4|    4|         16|
    |RoundKey_15_d0                                 |  15|          3|    8|         24|
    |RoundKey_1_address0                            |  21|          4|    4|         16|
    |RoundKey_1_d0                                  |  15|          3|    8|         24|
    |RoundKey_2_address0                            |  21|          4|    4|         16|
    |RoundKey_2_d0                                  |  15|          3|    8|         24|
    |RoundKey_3_address0                            |  21|          4|    4|         16|
    |RoundKey_3_d0                                  |  15|          3|    8|         24|
    |RoundKey_4_address0                            |  21|          4|    4|         16|
    |RoundKey_4_d0                                  |  15|          3|    8|         24|
    |RoundKey_5_address0                            |  21|          4|    4|         16|
    |RoundKey_5_d0                                  |  15|          3|    8|         24|
    |RoundKey_6_address0                            |  21|          4|    4|         16|
    |RoundKey_6_d0                                  |  15|          3|    8|         24|
    |RoundKey_7_address0                            |  21|          4|    4|         16|
    |RoundKey_7_d0                                  |  15|          3|    8|         24|
    |RoundKey_8_address0                            |  21|          4|    4|         16|
    |RoundKey_8_d0                                  |  15|          3|    8|         24|
    |RoundKey_9_address0                            |  21|          4|    4|         16|
    |RoundKey_9_d0                                  |  15|          3|    8|         24|
    |ap_NS_fsm                                      |  38|          7|    1|          7|
    |ap_enable_reg_pp0_iter1                        |   9|          2|    1|          2|
    |ap_phi_mux_UnifiedRetVal_i149_phi_fu_1412_p32  |  85|         17|    8|        136|
    |ap_phi_mux_UnifiedRetVal_i49_phi_fu_1518_p32   |  85|         17|    8|        136|
    |ap_phi_mux_UnifiedRetVal_i99_phi_fu_1571_p32   |  85|         17|    8|        136|
    |ap_phi_mux_UnifiedRetVal_i_phi_fu_1465_p32     |  85|         17|    8|        136|
    |ap_phi_mux_s_0_0_phi_fu_1401_p4                |   9|          2|    8|         16|
    |s_0_0_reg_1397                                 |   9|          2|    8|         16|
    |sbox_0_address0                                |  27|          5|    4|         20|
    |sbox_10_address0                               |  27|          5|    4|         20|
    |sbox_11_address0                               |  27|          5|    4|         20|
    |sbox_12_address0                               |  27|          5|    4|         20|
    |sbox_13_address0                               |  27|          5|    4|         20|
    |sbox_14_address0                               |  27|          5|    4|         20|
    |sbox_15_address0                               |  27|          5|    4|         20|
    |sbox_1_address0                                |  27|          5|    4|         20|
    |sbox_2_address0                                |  27|          5|    4|         20|
    |sbox_3_address0                                |  27|          5|    4|         20|
    |sbox_4_address0                                |  27|          5|    4|         20|
    |sbox_5_address0                                |  27|          5|    4|         20|
    |sbox_6_address0                                |  27|          5|    4|         20|
    |sbox_7_address0                                |  27|          5|    4|         20|
    |sbox_8_address0                                |  27|          5|    4|         20|
    |sbox_9_address0                                |  27|          5|    4|         20|
    +-----------------------------------------------+----+-----------+-----+-----------+
    |Total                                          |1413|        273|  306|       1545|
    +-----------------------------------------------+----+-----------+-----+-----------+

    * Register: 
    +-------------------------------------+---+----+-----+-----------+
    |                 Name                | FF| LUT| Bits| Const Bits|
    +-------------------------------------+---+----+-----+-----------+
    |Rcon_load_reg_2305                   |  8|   0|    8|          0|
    |RoundKey_0_load_reg_2394             |  8|   0|    8|          0|
    |RoundKey_10_load_reg_2662            |  8|   0|    8|          0|
    |RoundKey_11_load_reg_2434            |  8|   0|    8|          0|
    |RoundKey_12_load_reg_2288            |  8|   0|    8|          0|
    |RoundKey_13_load_reg_2439            |  8|   0|    8|          0|
    |RoundKey_14_load_reg_2563            |  8|   0|    8|          0|
    |RoundKey_15_load_reg_2298            |  8|   0|    8|          0|
    |RoundKey_1_load_reg_2533             |  8|   0|    8|          0|
    |RoundKey_2_load_reg_2652             |  8|   0|    8|          0|
    |RoundKey_3_load_reg_2404             |  8|   0|    8|          0|
    |RoundKey_4_load_reg_2409             |  8|   0|    8|          0|
    |RoundKey_5_load_reg_2543             |  8|   0|    8|          0|
    |RoundKey_6_load_reg_2657             |  8|   0|    8|          0|
    |RoundKey_7_load_reg_2419             |  8|   0|    8|          0|
    |RoundKey_8_load_reg_2424             |  8|   0|    8|          0|
    |RoundKey_9_load_reg_2553             |  8|   0|    8|          0|
    |add_ln170_reg_2667                   |  8|   0|    8|          0|
    |ap_CS_fsm                            |  6|   0|    6|          0|
    |ap_enable_reg_pp0_iter0              |  1|   0|    1|          0|
    |ap_enable_reg_pp0_iter1              |  1|   0|    1|          0|
    |icmp_ln170_reg_2219                  |  1|   0|    1|          0|
    |icmp_ln170_reg_2219_pp0_iter1_reg    |  1|   0|    1|          0|
    |s_0_0_reg_1397                       |  8|   0|    8|          0|
    |trunc_ln196_reg_2449                 |  4|   0|    4|          0|
    |trunc_ln197_reg_2568                 |  4|   0|    4|          0|
    |trunc_ln198_reg_2672                 |  4|   0|    4|          0|
    |trunc_ln199_reg_2310                 |  4|   0|    4|          0|
    |zext_ln196_1_reg_2233                |  4|   0|   64|         60|
    |zext_ln196_1_reg_2233_pp0_iter1_reg  |  4|   0|   64|         60|
    +-------------------------------------+---+----+-----+-----------+
    |Total                                |186|   0|  306|        120|
    +-------------------------------------+---+----+-----+-----------+



================================================================
== Interface
================================================================
* Summary: 
+----------------------+-----+-----+------------+--------------+--------------+
|       RTL Ports      | Dir | Bits|  Protocol  | Source Object|    C Type    |
+----------------------+-----+-----+------------+--------------+--------------+
|ap_clk                |  in |    1| ap_ctrl_hs | KeyExpansion | return value |
|ap_rst                |  in |    1| ap_ctrl_hs | KeyExpansion | return value |
|ap_start              |  in |    1| ap_ctrl_hs | KeyExpansion | return value |
|ap_done               | out |    1| ap_ctrl_hs | KeyExpansion | return value |
|ap_idle               | out |    1| ap_ctrl_hs | KeyExpansion | return value |
|ap_ready              | out |    1| ap_ctrl_hs | KeyExpansion | return value |
|RoundKey_0_address0   | out |    4|  ap_memory |  RoundKey_0  |     array    |
|RoundKey_0_ce0        | out |    1|  ap_memory |  RoundKey_0  |     array    |
|RoundKey_0_we0        | out |    1|  ap_memory |  RoundKey_0  |     array    |
|RoundKey_0_d0         | out |    8|  ap_memory |  RoundKey_0  |     array    |
|RoundKey_0_q0         |  in |    8|  ap_memory |  RoundKey_0  |     array    |
|RoundKey_1_address0   | out |    4|  ap_memory |  RoundKey_1  |     array    |
|RoundKey_1_ce0        | out |    1|  ap_memory |  RoundKey_1  |     array    |
|RoundKey_1_we0        | out |    1|  ap_memory |  RoundKey_1  |     array    |
|RoundKey_1_d0         | out |    8|  ap_memory |  RoundKey_1  |     array    |
|RoundKey_1_q0         |  in |    8|  ap_memory |  RoundKey_1  |     array    |
|RoundKey_2_address0   | out |    4|  ap_memory |  RoundKey_2  |     array    |
|RoundKey_2_ce0        | out |    1|  ap_memory |  RoundKey_2  |     array    |
|RoundKey_2_we0        | out |    1|  ap_memory |  RoundKey_2  |     array    |
|RoundKey_2_d0         | out |    8|  ap_memory |  RoundKey_2  |     array    |
|RoundKey_2_q0         |  in |    8|  ap_memory |  RoundKey_2  |     array    |
|RoundKey_3_address0   | out |    4|  ap_memory |  RoundKey_3  |     array    |
|RoundKey_3_ce0        | out |    1|  ap_memory |  RoundKey_3  |     array    |
|RoundKey_3_we0        | out |    1|  ap_memory |  RoundKey_3  |     array    |
|RoundKey_3_d0         | out |    8|  ap_memory |  RoundKey_3  |     array    |
|RoundKey_3_q0         |  in |    8|  ap_memory |  RoundKey_3  |     array    |
|RoundKey_4_address0   | out |    4|  ap_memory |  RoundKey_4  |     array    |
|RoundKey_4_ce0        | out |    1|  ap_memory |  RoundKey_4  |     array    |
|RoundKey_4_we0        | out |    1|  ap_memory |  RoundKey_4  |     array    |
|RoundKey_4_d0         | out |    8|  ap_memory |  RoundKey_4  |     array    |
|RoundKey_4_q0         |  in |    8|  ap_memory |  RoundKey_4  |     array    |
|RoundKey_5_address0   | out |    4|  ap_memory |  RoundKey_5  |     array    |
|RoundKey_5_ce0        | out |    1|  ap_memory |  RoundKey_5  |     array    |
|RoundKey_5_we0        | out |    1|  ap_memory |  RoundKey_5  |     array    |
|RoundKey_5_d0         | out |    8|  ap_memory |  RoundKey_5  |     array    |
|RoundKey_5_q0         |  in |    8|  ap_memory |  RoundKey_5  |     array    |
|RoundKey_6_address0   | out |    4|  ap_memory |  RoundKey_6  |     array    |
|RoundKey_6_ce0        | out |    1|  ap_memory |  RoundKey_6  |     array    |
|RoundKey_6_we0        | out |    1|  ap_memory |  RoundKey_6  |     array    |
|RoundKey_6_d0         | out |    8|  ap_memory |  RoundKey_6  |     array    |
|RoundKey_6_q0         |  in |    8|  ap_memory |  RoundKey_6  |     array    |
|RoundKey_7_address0   | out |    4|  ap_memory |  RoundKey_7  |     array    |
|RoundKey_7_ce0        | out |    1|  ap_memory |  RoundKey_7  |     array    |
|RoundKey_7_we0        | out |    1|  ap_memory |  RoundKey_7  |     array    |
|RoundKey_7_d0         | out |    8|  ap_memory |  RoundKey_7  |     array    |
|RoundKey_7_q0         |  in |    8|  ap_memory |  RoundKey_7  |     array    |
|RoundKey_8_address0   | out |    4|  ap_memory |  RoundKey_8  |     array    |
|RoundKey_8_ce0        | out |    1|  ap_memory |  RoundKey_8  |     array    |
|RoundKey_8_we0        | out |    1|  ap_memory |  RoundKey_8  |     array    |
|RoundKey_8_d0         | out |    8|  ap_memory |  RoundKey_8  |     array    |
|RoundKey_8_q0         |  in |    8|  ap_memory |  RoundKey_8  |     array    |
|RoundKey_9_address0   | out |    4|  ap_memory |  RoundKey_9  |     array    |
|RoundKey_9_ce0        | out |    1|  ap_memory |  RoundKey_9  |     array    |
|RoundKey_9_we0        | out |    1|  ap_memory |  RoundKey_9  |     array    |
|RoundKey_9_d0         | out |    8|  ap_memory |  RoundKey_9  |     array    |
|RoundKey_9_q0         |  in |    8|  ap_memory |  RoundKey_9  |     array    |
|RoundKey_10_address0  | out |    4|  ap_memory |  RoundKey_10 |     array    |
|RoundKey_10_ce0       | out |    1|  ap_memory |  RoundKey_10 |     array    |
|RoundKey_10_we0       | out |    1|  ap_memory |  RoundKey_10 |     array    |
|RoundKey_10_d0        | out |    8|  ap_memory |  RoundKey_10 |     array    |
|RoundKey_10_q0        |  in |    8|  ap_memory |  RoundKey_10 |     array    |
|RoundKey_11_address0  | out |    4|  ap_memory |  RoundKey_11 |     array    |
|RoundKey_11_ce0       | out |    1|  ap_memory |  RoundKey_11 |     array    |
|RoundKey_11_we0       | out |    1|  ap_memory |  RoundKey_11 |     array    |
|RoundKey_11_d0        | out |    8|  ap_memory |  RoundKey_11 |     array    |
|RoundKey_11_q0        |  in |    8|  ap_memory |  RoundKey_11 |     array    |
|RoundKey_12_address0  | out |    4|  ap_memory |  RoundKey_12 |     array    |
|RoundKey_12_ce0       | out |    1|  ap_memory |  RoundKey_12 |     array    |
|RoundKey_12_we0       | out |    1|  ap_memory |  RoundKey_12 |     array    |
|RoundKey_12_d0        | out |    8|  ap_memory |  RoundKey_12 |     array    |
|RoundKey_12_q0        |  in |    8|  ap_memory |  RoundKey_12 |     array    |
|RoundKey_13_address0  | out |    4|  ap_memory |  RoundKey_13 |     array    |
|RoundKey_13_ce0       | out |    1|  ap_memory |  RoundKey_13 |     array    |
|RoundKey_13_we0       | out |    1|  ap_memory |  RoundKey_13 |     array    |
|RoundKey_13_d0        | out |    8|  ap_memory |  RoundKey_13 |     array    |
|RoundKey_13_q0        |  in |    8|  ap_memory |  RoundKey_13 |     array    |
|RoundKey_14_address0  | out |    4|  ap_memory |  RoundKey_14 |     array    |
|RoundKey_14_ce0       | out |    1|  ap_memory |  RoundKey_14 |     array    |
|RoundKey_14_we0       | out |    1|  ap_memory |  RoundKey_14 |     array    |
|RoundKey_14_d0        | out |    8|  ap_memory |  RoundKey_14 |     array    |
|RoundKey_14_q0        |  in |    8|  ap_memory |  RoundKey_14 |     array    |
|RoundKey_15_address0  | out |    4|  ap_memory |  RoundKey_15 |     array    |
|RoundKey_15_ce0       | out |    1|  ap_memory |  RoundKey_15 |     array    |
|RoundKey_15_we0       | out |    1|  ap_memory |  RoundKey_15 |     array    |
|RoundKey_15_d0        | out |    8|  ap_memory |  RoundKey_15 |     array    |
|RoundKey_15_q0        |  in |    8|  ap_memory |  RoundKey_15 |     array    |
|Key_0                 |  in |    8|   ap_none  |     Key_0    |    pointer   |
|Key_1                 |  in |    8|   ap_none  |     Key_1    |    pointer   |
|Key_2                 |  in |    8|   ap_none  |     Key_2    |    pointer   |
|Key_3                 |  in |    8|   ap_none  |     Key_3    |    pointer   |
|Key_4                 |  in |    8|   ap_none  |     Key_4    |    pointer   |
|Key_5                 |  in |    8|   ap_none  |     Key_5    |    pointer   |
|Key_6                 |  in |    8|   ap_none  |     Key_6    |    pointer   |
|Key_7                 |  in |    8|   ap_none  |     Key_7    |    pointer   |
|Key_8                 |  in |    8|   ap_none  |     Key_8    |    pointer   |
|Key_9                 |  in |    8|   ap_none  |     Key_9    |    pointer   |
|Key_10                |  in |    8|   ap_none  |    Key_10    |    pointer   |
|Key_11                |  in |    8|   ap_none  |    Key_11    |    pointer   |
|Key_12                |  in |    8|   ap_none  |    Key_12    |    pointer   |
|Key_13                |  in |    8|   ap_none  |    Key_13    |    pointer   |
|Key_14                |  in |    8|   ap_none  |    Key_14    |    pointer   |
|Key_15                |  in |    8|   ap_none  |    Key_15    |    pointer   |
+----------------------+-----+-----+------------+--------------+--------------+

