

================================================================
== Vivado HLS Report for 'KeyExpansion'
================================================================
* Date:           Fri May 15 12:15:30 2020

* Version:        2019.2 (Build 2704478 on Wed Nov 06 22:10:23 MST 2019)
* Project:        VLSI_Project
* Solution:       solution1
* Product family: virtex7
* Target device:  xc7vx485t-ffg1157-1


================================================================
== Performance Estimates
================================================================
+ Timing: 
    * Summary: 
    +--------+----------+----------+------------+
    |  Clock |  Target  | Estimated| Uncertainty|
    +--------+----------+----------+------------+
    |ap_clk  | 10.00 ns | 8.344 ns |   1.25 ns  |
    +--------+----------+----------+------------+

+ Latency: 
    * Summary: 
    +---------+---------+----------+----------+-----+-----+---------+
    |  Latency (cycles) |  Latency (absolute) |  Interval | Pipeline|
    |   min   |   max   |    min   |    max   | min | max |   Type  |
    +---------+---------+----------+----------+-----+-----+---------+
    |      130|      130| 1.300 us | 1.300 us |  130|  130|   none  |
    +---------+---------+----------+----------+-----+-----+---------+

    + Detail: 
        * Instance: 
        N/A

        * Loop: 
        +----------+---------+---------+----------+-----------+-----------+------+----------+
        |          |  Latency (cycles) | Iteration|  Initiation Interval  | Trip |          |
        | Loop Name|   min   |   max   |  Latency |  achieved |   target  | Count| Pipelined|
        +----------+---------+---------+----------+-----------+-----------+------+----------+
        |- Loop 1  |        8|        8|         2|          -|          -|     4|    no    |
        |- Loop 2  |      120|      120|         3|          -|          -|    40|    no    |
        +----------+---------+---------+----------+-----------+-----------+------+----------+



================================================================
== Utilization Estimates
================================================================
* Summary: 
+-----------------+---------+-------+--------+--------+-----+
|       Name      | BRAM_18K| DSP48E|   FF   |   LUT  | URAM|
+-----------------+---------+-------+--------+--------+-----+
|DSP              |        -|      -|       -|       -|    -|
|Expression       |        -|      -|       0|    1409|    -|
|FIFO             |        -|      -|       -|       -|    -|
|Instance         |        -|      -|       -|       -|    -|
|Memory           |        4|      -|       8|       2|    -|
|Multiplexer      |        -|      -|       -|     224|    -|
|Register         |        -|      -|      67|       -|    -|
+-----------------+---------+-------+--------+--------+-----+
|Total            |        4|      0|      75|    1635|    0|
+-----------------+---------+-------+--------+--------+-----+
|Available        |     2060|   2800|  607200|  303600|    0|
+-----------------+---------+-------+--------+--------+-----+
|Utilization (%)  |    ~0   |      0|   ~0   |   ~0   |    0|
+-----------------+---------+-------+--------+--------+-----+

+ Detail: 
    * Instance: 
    N/A

    * DSP48E: 
    N/A

    * Memory: 
    +--------+-------------------+---------+---+----+-----+------+-----+------+-------------+
    | Memory |       Module      | BRAM_18K| FF| LUT| URAM| Words| Bits| Banks| W*Bits*Banks|
    +--------+-------------------+---------+---+----+-----+------+-----+------+-------------+
    |Rcon_U  |KeyExpansion_Rcon  |        0|  8|   2|    0|    11|    8|     1|           88|
    |sbox_U  |KeyExpansion_sbox  |        4|  0|   0|    0|    64|   32|     1|         2048|
    +--------+-------------------+---------+---+----+-----+------+-----+------+-------------+
    |Total   |                   |        4|  8|   2|    0|    75|   40|     2|         2136|
    +--------+-------------------+---------+---+----+-----+------+-----+------+-------------+

    * FIFO: 
    N/A

    * Expression: 
    +--------------------------+----------+-------+---+----+------------+------------+
    |       Variable Name      | Operation| DSP48E| FF| LUT| Bitwidth P0| Bitwidth P1|
    +--------------------------+----------+-------+---+----+------------+------------+
    |add_ln181_fu_401_p2       |     +    |      0|  0|  15|           4|           8|
    |add_ln227_fu_425_p2       |     +    |      0|  0|  15|           6|           8|
    |i_2_fu_1079_p2            |     +    |      0|  0|  15|           1|           6|
    |i_fu_373_p2               |     +    |      0|  0|  12|           3|           1|
    |sub_ln207_1_fu_598_p2     |     -    |      0|  0|  15|           6|           6|
    |sub_ln207_2_fu_628_p2     |     -    |      0|  0|  15|           5|           6|
    |sub_ln207_fu_586_p2       |     -    |      0|  0|  15|           6|           6|
    |sub_ln208_1_fu_713_p2     |     -    |      0|  0|  15|           6|           6|
    |sub_ln208_2_fu_743_p2     |     -    |      0|  0|  15|           5|           6|
    |sub_ln208_fu_701_p2       |     -    |      0|  0|  15|           6|           6|
    |sub_ln209_1_fu_828_p2     |     -    |      0|  0|  15|           6|           6|
    |sub_ln209_2_fu_858_p2     |     -    |      0|  0|  15|           5|           6|
    |sub_ln209_fu_816_p2       |     -    |      0|  0|  15|           6|           6|
    |sub_ln210_1_fu_943_p2     |     -    |      0|  0|  15|           6|           6|
    |sub_ln210_2_fu_973_p2     |     -    |      0|  0|  15|           5|           6|
    |sub_ln210_fu_931_p2       |     -    |      0|  0|  15|           6|           6|
    |and_ln207_fu_654_p2       |    and   |      0|  0|  32|          32|          32|
    |and_ln208_fu_769_p2       |    and   |      0|  0|  32|          32|          32|
    |and_ln209_fu_884_p2       |    and   |      0|  0|  32|          32|          32|
    |and_ln210_fu_999_p2       |    and   |      0|  0|  32|          32|          32|
    |icmp_ln164_fu_367_p2      |   icmp   |      0|  0|   9|           3|           4|
    |icmp_ln177_fu_387_p2      |   icmp   |      0|  0|  11|           6|           6|
    |icmp_ln188_fu_543_p2      |   icmp   |      0|  0|   8|           2|           1|
    |icmp_ln207_fu_562_p2      |   icmp   |      0|  0|  11|           5|           5|
    |icmp_ln208_fu_677_p2      |   icmp   |      0|  0|  11|           5|           5|
    |icmp_ln209_fu_792_p2      |   icmp   |      0|  0|  11|           5|           5|
    |icmp_ln210_fu_907_p2      |   icmp   |      0|  0|  11|           5|           5|
    |lshr_ln207_1_fu_648_p2    |   lshr   |      0|  0|  85|           2|          32|
    |lshr_ln207_fu_642_p2      |   lshr   |      0|  0|  85|          32|          32|
    |lshr_ln208_1_fu_763_p2    |   lshr   |      0|  0|  85|           2|          32|
    |lshr_ln208_fu_757_p2      |   lshr   |      0|  0|  85|          32|          32|
    |lshr_ln209_1_fu_878_p2    |   lshr   |      0|  0|  85|           2|          32|
    |lshr_ln209_fu_872_p2      |   lshr   |      0|  0|  85|          32|          32|
    |lshr_ln210_1_fu_993_p2    |   lshr   |      0|  0|  85|           2|          32|
    |lshr_ln210_fu_987_p2      |   lshr   |      0|  0|  85|          32|          32|
    |empty_18_fu_556_p2        |    or    |      0|  0|   5|           5|           3|
    |empty_20_fu_671_p2        |    or    |      0|  0|   5|           5|           3|
    |empty_22_fu_786_p2        |    or    |      0|  0|   5|           5|           3|
    |empty_24_fu_901_p2        |    or    |      0|  0|   5|           5|           3|
    |select_ln207_1_fu_612_p3  |  select  |      0|  0|  32|           1|          32|
    |select_ln207_2_fu_620_p3  |  select  |      0|  0|   6|           1|           6|
    |select_ln207_fu_604_p3    |  select  |      0|  0|   6|           1|           6|
    |select_ln208_1_fu_727_p3  |  select  |      0|  0|  32|           1|          32|
    |select_ln208_2_fu_735_p3  |  select  |      0|  0|   6|           1|           6|
    |select_ln208_fu_719_p3    |  select  |      0|  0|   6|           1|           6|
    |select_ln209_1_fu_842_p3  |  select  |      0|  0|  32|           1|          32|
    |select_ln209_2_fu_850_p3  |  select  |      0|  0|   6|           1|           6|
    |select_ln209_fu_834_p3    |  select  |      0|  0|   6|           1|           6|
    |select_ln210_1_fu_957_p3  |  select  |      0|  0|  32|           1|          32|
    |select_ln210_2_fu_965_p3  |  select  |      0|  0|   6|           1|           6|
    |select_ln210_fu_949_p3    |  select  |      0|  0|   6|           1|           6|
    |tempa_0_2_fu_1036_p3      |  select  |      0|  0|   8|           1|           8|
    |tempa_1_2_fu_1029_p3      |  select  |      0|  0|   8|           1|           8|
    |tempa_2_2_fu_1022_p3      |  select  |      0|  0|   8|           1|           8|
    |tempa_3_2_fu_1015_p3      |  select  |      0|  0|   8|           1|           8|
    |tempa_0_fu_1009_p2        |    xor   |      0|  0|   8|           8|           8|
    |xor_ln207_fu_592_p2       |    xor   |      0|  0|   6|           6|           5|
    |xor_ln208_fu_707_p2       |    xor   |      0|  0|   6|           6|           5|
    |xor_ln209_fu_822_p2       |    xor   |      0|  0|   6|           6|           5|
    |xor_ln210_fu_937_p2       |    xor   |      0|  0|   6|           6|           5|
    |xor_ln227_fu_1043_p2      |    xor   |      0|  0|   8|           8|           8|
    |xor_ln228_fu_1058_p2      |    xor   |      0|  0|   8|           8|           8|
    |xor_ln229_fu_1065_p2      |    xor   |      0|  0|   8|           8|           8|
    |xor_ln230_fu_1072_p2      |    xor   |      0|  0|   8|           8|           8|
    +--------------------------+----------+-------+---+----+------------+------------+
    |Total                     |          |      0|  0|1409|         477|         790|
    +--------------------------+----------+-------+---+----+------------+------------+

    * Multiplexer: 
    +---------------------+----+-----------+-----+-----------+
    |         Name        | LUT| Input Size| Bits| Total Bits|
    +---------------------+----+-----------+-----+-----------+
    |RoundKey_0_address0  |  27|          5|    6|         30|
    |RoundKey_0_d0        |  15|          3|    8|         24|
    |RoundKey_1_address0  |  27|          5|    6|         30|
    |RoundKey_1_d0        |  15|          3|    8|         24|
    |RoundKey_2_address0  |  27|          5|    6|         30|
    |RoundKey_2_d0        |  15|          3|    8|         24|
    |RoundKey_3_address0  |  27|          5|    6|         30|
    |RoundKey_3_d0        |  15|          3|    8|         24|
    |ap_NS_fsm            |  38|          7|    1|          7|
    |i_0_reg_344          |   9|          2|    3|          6|
    |i_1_reg_355          |   9|          2|    6|         12|
    +---------------------+----+-----------+-----+-----------+
    |Total                | 224|         43|   66|        241|
    +---------------------+----+-----------+-----+-----------+

    * Register: 
    +---------------------+---+----+-----+-----------+
    |         Name        | FF| LUT| Bits| Const Bits|
    +---------------------+---+----+-----+-----------+
    |ap_CS_fsm            |  6|   0|    6|          0|
    |empty_17_reg_1174    |  2|   0|    2|          0|
    |empty_19_reg_1184    |  2|   0|    2|          0|
    |empty_21_reg_1194    |  2|   0|    2|          0|
    |empty_23_reg_1204    |  2|   0|    2|          0|
    |i_0_reg_344          |  3|   0|    3|          0|
    |i_1_reg_355          |  6|   0|    6|          0|
    |i_reg_1088           |  3|   0|    3|          0|
    |lshr_ln6_reg_1144    |  6|   0|    6|          0|
    |tempa_0_3_reg_1149   |  8|   0|    8|          0|
    |tempa_1_reg_1154     |  8|   0|    8|          0|
    |tempa_2_reg_1159     |  8|   0|    8|          0|
    |tempa_3_reg_1164     |  8|   0|    8|          0|
    |zext_ln167_reg_1093  |  3|   0|   64|         61|
    +---------------------+---+----+-----+-----------+
    |Total                | 67|   0|  128|         61|
    +---------------------+---+----+-----+-----------+



================================================================
== Interface
================================================================
* Summary: 
+---------------------+-----+-----+------------+--------------+--------------+
|      RTL Ports      | Dir | Bits|  Protocol  | Source Object|    C Type    |
+---------------------+-----+-----+------------+--------------+--------------+
|ap_clk               |  in |    1| ap_ctrl_hs | KeyExpansion | return value |
|ap_rst               |  in |    1| ap_ctrl_hs | KeyExpansion | return value |
|ap_start             |  in |    1| ap_ctrl_hs | KeyExpansion | return value |
|ap_done              | out |    1| ap_ctrl_hs | KeyExpansion | return value |
|ap_idle              | out |    1| ap_ctrl_hs | KeyExpansion | return value |
|ap_ready             | out |    1| ap_ctrl_hs | KeyExpansion | return value |
|RoundKey_0_address0  | out |    6|  ap_memory |  RoundKey_0  |     array    |
|RoundKey_0_ce0       | out |    1|  ap_memory |  RoundKey_0  |     array    |
|RoundKey_0_we0       | out |    1|  ap_memory |  RoundKey_0  |     array    |
|RoundKey_0_d0        | out |    8|  ap_memory |  RoundKey_0  |     array    |
|RoundKey_0_q0        |  in |    8|  ap_memory |  RoundKey_0  |     array    |
|RoundKey_1_address0  | out |    6|  ap_memory |  RoundKey_1  |     array    |
|RoundKey_1_ce0       | out |    1|  ap_memory |  RoundKey_1  |     array    |
|RoundKey_1_we0       | out |    1|  ap_memory |  RoundKey_1  |     array    |
|RoundKey_1_d0        | out |    8|  ap_memory |  RoundKey_1  |     array    |
|RoundKey_1_q0        |  in |    8|  ap_memory |  RoundKey_1  |     array    |
|RoundKey_2_address0  | out |    6|  ap_memory |  RoundKey_2  |     array    |
|RoundKey_2_ce0       | out |    1|  ap_memory |  RoundKey_2  |     array    |
|RoundKey_2_we0       | out |    1|  ap_memory |  RoundKey_2  |     array    |
|RoundKey_2_d0        | out |    8|  ap_memory |  RoundKey_2  |     array    |
|RoundKey_2_q0        |  in |    8|  ap_memory |  RoundKey_2  |     array    |
|RoundKey_3_address0  | out |    6|  ap_memory |  RoundKey_3  |     array    |
|RoundKey_3_ce0       | out |    1|  ap_memory |  RoundKey_3  |     array    |
|RoundKey_3_we0       | out |    1|  ap_memory |  RoundKey_3  |     array    |
|RoundKey_3_d0        | out |    8|  ap_memory |  RoundKey_3  |     array    |
|RoundKey_3_q0        |  in |    8|  ap_memory |  RoundKey_3  |     array    |
|Key_0_address0       | out |    2|  ap_memory |     Key_0    |     array    |
|Key_0_ce0            | out |    1|  ap_memory |     Key_0    |     array    |
|Key_0_q0             |  in |    8|  ap_memory |     Key_0    |     array    |
|Key_1_address0       | out |    2|  ap_memory |     Key_1    |     array    |
|Key_1_ce0            | out |    1|  ap_memory |     Key_1    |     array    |
|Key_1_q0             |  in |    8|  ap_memory |     Key_1    |     array    |
|Key_2_address0       | out |    2|  ap_memory |     Key_2    |     array    |
|Key_2_ce0            | out |    1|  ap_memory |     Key_2    |     array    |
|Key_2_q0             |  in |    8|  ap_memory |     Key_2    |     array    |
|Key_3_address0       | out |    2|  ap_memory |     Key_3    |     array    |
|Key_3_ce0            | out |    1|  ap_memory |     Key_3    |     array    |
|Key_3_q0             |  in |    8|  ap_memory |     Key_3    |     array    |
+---------------------+-----+-----+------------+--------------+--------------+

