

================================================================
== Vivado HLS Report for 'Multiply'
================================================================
* Date:           Wed May 13 23:30:48 2020

* Version:        2019.2 (Build 2704478 on Wed Nov 06 22:10:23 MST 2019)
* Project:        VLSI_Project
* Solution:       solution1
* Product family: virtex7
* Target device:  xc7vx485t-ffg1157-1


================================================================
== Performance Estimates
================================================================
+ Timing: 
    * Summary: 
    +--------+----------+----------+------------+
    |  Clock |  Target  | Estimated| Uncertainty|
    +--------+----------+----------+------------+
    |ap_clk  | 10.00 ns | 2.931 ns |   1.25 ns  |
    +--------+----------+----------+------------+

+ Latency: 
    * Summary: 
    +---------+---------+----------+----------+-----+-----+---------+
    |  Latency (cycles) |  Latency (absolute) |  Interval | Pipeline|
    |   min   |   max   |    min   |    max   | min | max |   Type  |
    +---------+---------+----------+----------+-----+-----+---------+
    |        0|        0|   0 ns   |   0 ns   |    0|    0|   none  |
    +---------+---------+----------+----------+-----+-----+---------+

    + Detail: 
        * Instance: 
        N/A

        * Loop: 
        N/A



================================================================
== Utilization Estimates
================================================================
* Summary: 
+-----------------+---------+-------+--------+--------+-----+
|       Name      | BRAM_18K| DSP48E|   FF   |   LUT  | URAM|
+-----------------+---------+-------+--------+--------+-----+
|DSP              |        -|      -|       -|       -|    -|
|Expression       |        -|      -|       0|     103|    -|
|FIFO             |        -|      -|       -|       -|    -|
|Instance         |        -|      -|       -|       -|    -|
|Memory           |        -|      -|       -|       -|    -|
|Multiplexer      |        -|      -|       -|       -|    -|
|Register         |        -|      -|       -|       -|    -|
+-----------------+---------+-------+--------+--------+-----+
|Total            |        0|      0|       0|     103|    0|
+-----------------+---------+-------+--------+--------+-----+
|Available        |     2060|   2800|  607200|  303600|    0|
+-----------------+---------+-------+--------+--------+-----+
|Utilization (%)  |        0|      0|       0|   ~0   |    0|
+-----------------+---------+-------+--------+--------+-----+

+ Detail: 
    * Instance: 
    N/A

    * DSP48E: 
    N/A

    * Memory: 
    N/A

    * FIFO: 
    N/A

    * Expression: 
    +--------------------------+----------+-------+---+----+------------+------------+
    |       Variable Name      | Operation| DSP48E| FF| LUT| Bitwidth P0| Bitwidth P1|
    +--------------------------+----------+-------+---+----+------------+------------+
    |and_ln349_1_fu_102_p2     |    and   |      0|  0|   8|           8|           8|
    |and_ln349_2_fu_152_p2     |    and   |      0|  0|   8|           8|           8|
    |and_ln349_3_fu_202_p2     |    and   |      0|  0|   8|           8|           8|
    |and_ln349_fu_52_p2        |    and   |      0|  0|   8|           8|           8|
    |select_ln309_1_fu_130_p3  |  select  |      0|  0|   5|           1|           5|
    |select_ln309_2_fu_180_p3  |  select  |      0|  0|   5|           1|           5|
    |select_ln309_fu_80_p3     |  select  |      0|  0|   5|           1|           5|
    |select_ln349_1_fu_94_p3   |  select  |      0|  0|   2|           1|           2|
    |select_ln349_2_fu_144_p3  |  select  |      0|  0|   2|           1|           2|
    |select_ln349_3_fu_194_p3  |  select  |      0|  0|   2|           1|           2|
    |select_ln349_fu_44_p3     |  select  |      0|  0|   2|           1|           2|
    |ap_return                 |    xor   |      0|  0|   8|           8|           8|
    |xor_ln309_1_fu_138_p2     |    xor   |      0|  0|   8|           8|           8|
    |xor_ln309_2_fu_188_p2     |    xor   |      0|  0|   8|           8|           8|
    |xor_ln309_fu_88_p2        |    xor   |      0|  0|   8|           8|           8|
    |xor_ln349_1_fu_214_p2     |    xor   |      0|  0|   8|           8|           8|
    |xor_ln349_fu_208_p2       |    xor   |      0|  0|   8|           8|           8|
    +--------------------------+----------+-------+---+----+------------+------------+
    |Total                     |          |      0|  0| 103|          87|         103|
    +--------------------------+----------+-------+---+----+------------+------------+

    * Multiplexer: 
    N/A

    * Register: 
    N/A



================================================================
== Interface
================================================================
* Summary: 
+-----------+-----+-----+------------+--------------+--------------+
| RTL Ports | Dir | Bits|  Protocol  | Source Object|    C Type    |
+-----------+-----+-----+------------+--------------+--------------+
|ap_ready   | out |    1| ap_ctrl_hs |   Multiply   | return value |
|ap_return  | out |    8| ap_ctrl_hs |   Multiply   | return value |
|x          |  in |    8|   ap_none  |       x      |    scalar    |
|y          |  in |    5|   ap_none  |       y      |    scalar    |
+-----------+-----+-----+------------+--------------+--------------+

